Component: Arm Compiler for Embedded 6.22 Tool: armlink [5ee90200]

==============================================================================

Section Cross References

    dl_adc12.o(.ARM.exidx.text.DL_ADC12_setClockConfig) refers to dl_adc12.o(.text.DL_ADC12_setClockConfig) for [Anonymous Symbol]
    dl_adc12.o(.ARM.exidx.text.DL_ADC12_getClockConfig) refers to dl_adc12.o(.text.DL_ADC12_getClockConfig) for [Anonymous Symbol]
    dl_aes.o(.ARM.exidx.text.DL_AES_setKey) refers to dl_aes.o(.text.DL_AES_setKey) for [Anonymous Symbol]
    dl_aes.o(.ARM.exidx.text.DL_AES_setKeyAligned) refers to dl_aes.o(.text.DL_AES_setKeyAligned) for [Anonymous Symbol]
    dl_aes.o(.ARM.exidx.text.DL_AES_loadDataIn) refers to dl_aes.o(.text.DL_AES_loadDataIn) for [Anonymous Symbol]
    dl_aes.o(.ARM.exidx.text.DL_AES_loadDataInAligned) refers to dl_aes.o(.text.DL_AES_loadDataInAligned) for [Anonymous Symbol]
    dl_aes.o(.ARM.exidx.text.DL_AES_getDataOut) refers to dl_aes.o(.text.DL_AES_getDataOut) for [Anonymous Symbol]
    dl_aes.o(.ARM.exidx.text.DL_AES_getDataOutAligned) refers to dl_aes.o(.text.DL_AES_getDataOutAligned) for [Anonymous Symbol]
    dl_aes.o(.ARM.exidx.text.DL_AES_loadXORDataIn) refers to dl_aes.o(.text.DL_AES_loadXORDataIn) for [Anonymous Symbol]
    dl_aes.o(.ARM.exidx.text.DL_AES_loadXORDataInAligned) refers to dl_aes.o(.text.DL_AES_loadXORDataInAligned) for [Anonymous Symbol]
    dl_aes.o(.ARM.exidx.text.DL_AES_loadXORDataInWithoutTrigger) refers to dl_aes.o(.text.DL_AES_loadXORDataInWithoutTrigger) for [Anonymous Symbol]
    dl_aes.o(.ARM.exidx.text.DL_AES_loadXORDataInWithoutTriggerAligned) refers to dl_aes.o(.text.DL_AES_loadXORDataInWithoutTriggerAligned) for [Anonymous Symbol]
    dl_aes.o(.ARM.exidx.text.DL_AES_xorData) refers to dl_aes.o(.text.DL_AES_xorData) for [Anonymous Symbol]
    dl_aes.o(.ARM.exidx.text.DL_AES_xorDataAligned) refers to dl_aes.o(.text.DL_AES_xorDataAligned) for [Anonymous Symbol]
    dl_aes.o(.ARM.exidx.text.DL_AES_saveConfiguration) refers to dl_aes.o(.text.DL_AES_saveConfiguration) for [Anonymous Symbol]
    dl_aes.o(.ARM.exidx.text.DL_AES_restoreConfiguration) refers to dl_aes.o(.text.DL_AES_restoreConfiguration) for [Anonymous Symbol]
    dl_common.o(.ARM.exidx.text.DL_Common_delayCycles) refers to dl_common.o(.text.DL_Common_delayCycles) for [Anonymous Symbol]
    dl_crc.o(.ARM.exidx.text.DL_CRC_calculateBlock32) refers to dl_crc.o(.text.DL_CRC_calculateBlock32) for [Anonymous Symbol]
    dl_crc.o(.ARM.exidx.text.DL_CRC_calculateMemoryRange32) refers to dl_crc.o(.text.DL_CRC_calculateMemoryRange32) for [Anonymous Symbol]
    dl_crc.o(.ARM.exidx.text.DL_CRC_calculateBlock16) refers to dl_crc.o(.text.DL_CRC_calculateBlock16) for [Anonymous Symbol]
    dl_crc.o(.ARM.exidx.text.DL_CRC_calculateMemoryRange16) refers to dl_crc.o(.text.DL_CRC_calculateMemoryRange16) for [Anonymous Symbol]
    dl_dac12.o(.ARM.exidx.text.DL_DAC12_init) refers to dl_dac12.o(.text.DL_DAC12_init) for [Anonymous Symbol]
    dl_dac12.o(.ARM.exidx.text.DL_DAC12_outputBlocking8) refers to dl_dac12.o(.text.DL_DAC12_outputBlocking8) for [Anonymous Symbol]
    dl_dac12.o(.ARM.exidx.text.DL_DAC12_outputBlocking12) refers to dl_dac12.o(.text.DL_DAC12_outputBlocking12) for [Anonymous Symbol]
    dl_dac12.o(.ARM.exidx.text.DL_DAC12_fillFIFO8) refers to dl_dac12.o(.text.DL_DAC12_fillFIFO8) for [Anonymous Symbol]
    dl_dac12.o(.ARM.exidx.text.DL_DAC12_fillFIFO12) refers to dl_dac12.o(.text.DL_DAC12_fillFIFO12) for [Anonymous Symbol]
    dl_dac12.o(.ARM.exidx.text.DL_DAC12_performSelfCalibrationBlocking) refers to dl_dac12.o(.text.DL_DAC12_performSelfCalibrationBlocking) for [Anonymous Symbol]
    dl_dma.o(.ARM.exidx.text.DL_DMA_initChannel) refers to dl_dma.o(.text.DL_DMA_initChannel) for [Anonymous Symbol]
    dl_flashctl.o(.ARM.exidx.text.DL_FlashCTL_eraseMemory) refers to dl_flashctl.o(.text.DL_FlashCTL_eraseMemory) for [Anonymous Symbol]
    dl_flashctl.o(.text.DL_FlashCTL_eraseMemoryFromRAM) refers to dl_flashctl.o(.ramfunc) for DL_FlashCTL_executeCommandFromRAM
    dl_flashctl.o(.ARM.exidx.text.DL_FlashCTL_eraseMemoryFromRAM) refers to dl_flashctl.o(.text.DL_FlashCTL_eraseMemoryFromRAM) for [Anonymous Symbol]
    dl_flashctl.o(.ARM.exidx.ramfunc) refers to dl_flashctl.o(.ramfunc) for [Anonymous Symbol]
    dl_flashctl.o(.text.DL_FlashCTL_massErase) refers to dl_flashctl.o(.text.DL_FlashCTL_unprotectSector) for DL_FlashCTL_unprotectSector
    dl_flashctl.o(.ARM.exidx.text.DL_FlashCTL_massErase) refers to dl_flashctl.o(.text.DL_FlashCTL_massErase) for [Anonymous Symbol]
    dl_flashctl.o(.ARM.exidx.text.DL_FlashCTL_unprotectMainMemory) refers to dl_flashctl.o(.text.DL_FlashCTL_unprotectMainMemory) for [Anonymous Symbol]
    dl_flashctl.o(.ARM.exidx.text.DL_FlashCTL_protectNonMainMemory) refers to dl_flashctl.o(.text.DL_FlashCTL_protectNonMainMemory) for [Anonymous Symbol]
[...]
    Removing dl_mcan.o(.ARM.exidx.text.DL_MCAN_getExtIDANDMask), (8 bytes).
    Removing dl_mcan.o(.text.DL_MCAN_saveConfiguration), (300 bytes).
    Removing dl_mcan.o(.ARM.exidx.text.DL_MCAN_saveConfiguration), (8 bytes).
    Removing dl_mcan.o(.text.DL_MCAN_restoreConfiguration), (348 bytes).
    Removing dl_mcan.o(.ARM.exidx.text.DL_MCAN_restoreConfiguration), (8 bytes).
    Removing dl_mcan.o(.rodata..L__const.DL_MCAN_getDataSize.dataSize), (64 bytes).
    Removing dl_mcan.o(.rodata.cst32), (32 bytes).
    Removing dl_opa.o(.text), (0 bytes).
    Removing dl_opa.o(.text.DL_OPA_increaseGain), (52 bytes).
    Removing dl_opa.o(.ARM.exidx.text.DL_OPA_increaseGain), (8 bytes).
    Removing dl_opa.o(.text.DL_OPA_decreaseGain), (48 bytes).
    Removing dl_opa.o(.ARM.exidx.text.DL_OPA_decreaseGain), (8 bytes).
    Removing dl_rtc_common.o(.text), (0 bytes).
    Removing dl_rtc_common.o(.text.DL_RTC_Common_initCalendar), (160 bytes).
    Removing dl_rtc_common.o(.ARM.exidx.text.DL_RTC_Common_initCalendar), (8 bytes).
    Removing dl_rtc_common.o(.text.DL_RTC_Common_getCalendarTime), (132 bytes).
    Removing dl_rtc_common.o(.ARM.exidx.text.DL_RTC_Common_getCalendarTime), (8 bytes).
    Removing dl_rtc_common.o(.text.DL_RTC_Common_setCalendarAlarm1), (100 bytes).
    Removing dl_rtc_common.o(.ARM.exidx.text.DL_RTC_Common_setCalendarAlarm1), (8 bytes).
    Removing dl_rtc_common.o(.text.DL_RTC_Common_getCalendarAlarm1), (88 bytes).
    Removing dl_rtc_common.o(.ARM.exidx.text.DL_RTC_Common_getCalendarAlarm1), (8 bytes).
    Removing dl_rtc_common.o(.text.DL_RTC_Common_enableCalendarAlarm1), (68 bytes).
    Removing dl_rtc_common.o(.ARM.exidx.text.DL_RTC_Common_enableCalendarAlarm1), (8 bytes).
    Removing dl_rtc_common.o(.text.DL_RTC_Common_disableCalendarAlarm1), (76 bytes).
    Removing dl_rtc_common.o(.ARM.exidx.text.DL_RTC_Common_disableCalendarAlarm1), (8 bytes).
    Removing dl_rtc_common.o(.text.DL_RTC_Common_setCalendarAlarm2), (100 bytes).
    Removing dl_rtc_common.o(.ARM.exidx.text.DL_RTC_Common_setCalendarAlarm2), (8 bytes).
    Removing dl_rtc_common.o(.text.DL_RTC_Common_getCalendarAlarm2), (88 bytes).
    Removing dl_rtc_common.o(.ARM.exidx.text.DL_RTC_Common_getCalendarAlarm2), (8 bytes).
    Removing dl_rtc_common.o(.text.DL_RTC_Common_enableCalendarAlarm2), (68 bytes).
    Removing dl_rtc_common.o(.ARM.exidx.text.DL_RTC_Common_enableCalendarAlarm2), (8 bytes).
    Removing dl_rtc_common.o(.text.DL_RTC_Common_disableCalendarAlarm2), (76 bytes).
    Removing dl_rtc_common.o(.ARM.exidx.text.DL_RTC_Common_disableCalendarAlarm2), (8 bytes).
    Removing dl_spi.o(.text), (0 bytes).
    Removing dl_spi.o(.text.DL_SPI_init), (68 bytes).
    Removing dl_spi.o(.ARM.exidx.text.DL_SPI_init), (8 bytes).
    Removing dl_spi.o(.text.DL_SPI_setClockConfig), (18 bytes).
    Removing dl_spi.o(.ARM.exidx.text.DL_SPI_setClockConfig), (8 bytes).
    Removing dl_spi.o(.text.DL_SPI_getClockConfig), (16 bytes).
    Removing dl_spi.o(.ARM.exidx.text.DL_SPI_getClockConfig), (8 bytes).
    Removing dl_spi.o(.text.DL_SPI_receiveDataBlocking8), (48 bytes).
    Removing dl_spi.o(.ARM.exidx.text.DL_SPI_receiveDataBlocking8), (8 bytes).
    Removing dl_spi.o(.text.DL_SPI_receiveDataBlocking16), (48 bytes).
    Removing dl_spi.o(.ARM.exidx.text.DL_SPI_receiveDataBlocking16), (8 bytes).
    Removing dl_spi.o(.text.DL_SPI_receiveDataBlocking32), (44 bytes).
    Removing dl_spi.o(.ARM.exidx.text.DL_SPI_receiveDataBlocking32), (8 bytes).
    Removing dl_spi.o(.text.DL_SPI_transmitDataBlocking8), (44 bytes).
    Removing dl_spi.o(.ARM.exidx.text.DL_SPI_transmitDataBlocking8), (8 bytes).
    Removing dl_spi.o(.text.DL_SPI_transmitDataBlocking16), (44 bytes).
    Removing dl_spi.o(.ARM.exidx.text.DL_SPI_transmitDataBlocking16), (8 bytes).
    Removing dl_spi.o(.text.DL_SPI_transmitDataBlocking32), (44 bytes).
    Removing dl_spi.o(.ARM.exidx.text.DL_SPI_transmitDataBlocking32), (8 bytes).
    Removing dl_spi.o(.text.DL_SPI_receiveDataCheck8), (32 bytes).
    Removing dl_spi.o(.ARM.exidx.text.DL_SPI_receiveDataCheck8), (8 bytes).
    Removing dl_spi.o(.text.DL_SPI_receiveDataCheck16), (32 bytes).
    Removing dl_spi.o(.ARM.exidx.text.DL_SPI_receiveDataCheck16), (8 bytes).
    Removing dl_spi.o(.text.DL_SPI_receiveDataCheck32), (32 bytes).
    Removing dl_spi.o(.ARM.exidx.text.DL_SPI_receiveDataCheck32), (8 bytes).
    Removing dl_spi.o(.text.DL_SPI_transmitDataCheck8), (32 bytes).
    Removing dl_spi.o(.ARM.exidx.text.DL_SPI_transmitDataCheck8), (8 bytes).
    Removing dl_spi.o(.text.DL_SPI_transmitDataCheck16), (32 bytes).
    Removing dl_spi.o(.ARM.exidx.text.DL_SPI_transmitDataCheck16), (8 bytes).
    Removing dl_spi.o(.text.DL_SPI_transmitDataCheck32), (32 bytes).
    Removing dl_spi.o(.ARM.exidx.text.DL_SPI_transmitDataCheck32), (8 bytes).
    Removing dl_spi.o(.text.DL_SPI_drainRXFIFO8), (128 bytes).
    Removing dl_spi.o(.ARM.exidx.text.DL_SPI_drainRXFIFO8), (8 bytes).
    Removing dl_spi.o(.text.DL_SPI_drainRXFIFO16), (128 bytes).
    Removing dl_spi.o(.ARM.exidx.text.DL_SPI_drainRXFIFO16), (8 bytes).
    Removing dl_spi.o(.text.DL_SPI_drainRXFIFO32), (128 bytes).
    Removing dl_spi.o(.ARM.exidx.text.DL_SPI_drainRXFIFO32), (8 bytes).
    Removing dl_spi.o(.text.DL_SPI_fillTXFIFO8), (128 bytes).
    Removing dl_spi.o(.ARM.exidx.text.DL_SPI_fillTXFIFO8), (8 bytes).
    Removing dl_spi.o(.text.DL_SPI_fillTXFIFO16), (124 bytes).
    Removing dl_spi.o(.ARM.exidx.text.DL_SPI_fillTXFIFO16), (8 bytes).
    Removing dl_spi.o(.text.DL_SPI_saveConfiguration), (104 bytes).
    Removing dl_spi.o(.ARM.exidx.text.DL_SPI_saveConfiguration), (8 bytes).
    Removing dl_spi.o(.text.DL_SPI_restoreConfiguration), (128 bytes).
    Removing dl_spi.o(.ARM.exidx.text.DL_SPI_restoreConfiguration), (8 bytes).
    Removing dl_spi.o(.text.DL_SPI_fillTXFIFO32), (124 bytes).
    Removing dl_spi.o(.ARM.exidx.text.DL_SPI_fillTXFIFO32), (8 bytes).
    Removing dl_timer.o(.text), (0 bytes).
    Removing dl_timer.o(.ARM.exidx.text.DL_Timer_setClockConfig), (8 bytes).
    Removing dl_timer.o(.text.DL_Timer_getClockConfig), (28 bytes).
    Removing dl_timer.o(.ARM.exidx.text.DL_Timer_getClockConfig), (8 bytes).
    Removing dl_timer.o(.ARM.exidx.text.DL_Timer_initTimerMode), (8 bytes).
    Removing dl_timer.o(.ARM.exidx.text.DL_Timer_setCaptureCompareValue), (8 bytes).
    Removing dl_timer.o(.text.DL_Timer_setCaptureCompareCtl), (40 bytes).
    Removing dl_timer.o(.ARM.exidx.text.DL_Timer_setCaptureCompareCtl), (8 bytes).
    Removing dl_timer.o(.text.DL_Timer_initCaptureMode), (268 bytes).
    Removing dl_timer.o(.ARM.exidx.text.DL_Timer_initCaptureMode), (8 bytes).
    Removing dl_timer.o(.text.DL_Timer_setCaptureCompareInput), (26 bytes).
    Removing dl_timer.o(.ARM.exidx.text.DL_Timer_setCaptureCompareInput), (8 bytes).
    Removing dl_timer.o(.text.DL_Timer_initCaptureTriggerMode), (116 bytes).
    Removing dl_timer.o(.ARM.exidx.text.DL_Timer_initCaptureTriggerMode), (8 bytes).
    Removing dl_timer.o(.text.DL_Timer_initCaptureCombinedMode), (224 bytes).
    Removing dl_timer.o(.ARM.exidx.text.DL_Timer_initCaptureCombinedMode), (8 bytes).
    Removing dl_timer.o(.text.DL_Timer_initCompareMode), (160 bytes).
    Removing dl_timer.o(.ARM.exidx.text.DL_Timer_initCompareMode), (8 bytes).
    Removing dl_timer.o(.text.DL_Timer_initCompareTriggerMode), (108 bytes).
    Removing dl_timer.o(.ARM.exidx.text.DL_Timer_initCompareTriggerMode), (8 bytes).
    Removing dl_timer.o(.ARM.exidx.text.DL_Timer_initPWMMode), (8 bytes).
    Removing dl_timer.o(.text.DL_Timer_setCaptureCompareAction), (36 bytes).
    Removing dl_timer.o(.ARM.exidx.text.DL_Timer_setCaptureCompareAction), (8 bytes).
    Removing dl_timer.o(.ARM.exidx.text.DL_Timer_setCaptureCompareOutCtl), (8 bytes).
    Removing dl_timer.o(.text.DL_Timer_getCaptureCompareValue), (16 bytes).
    Removing dl_timer.o(.ARM.exidx.text.DL_Timer_getCaptureCompareValue), (8 bytes).
    Removing dl_timer.o(.text.DL_Timer_getCaptureCompareCtl), (24 bytes).
    Removing dl_timer.o(.ARM.exidx.text.DL_Timer_getCaptureCompareCtl), (8 bytes).
    Removing dl_timer.o(.text.DL_Timer_setSecondCompSrcDn), (28 bytes).
    Removing dl_timer.o(.ARM.exidx.text.DL_Timer_setSecondCompSrcDn), (8 bytes).
    Removing dl_timer.o(.text.DL_Timer_getSecondCompSrcDn), (20 bytes).
    Removing dl_timer.o(.ARM.exidx.text.DL_Timer_getSecondCompSrcDn), (8 bytes).
    Removing dl_timer.o(.text.DL_Timer_setSecondCompSrcUp), (28 bytes).
    Removing dl_timer.o(.ARM.exidx.text.DL_Timer_setSecondCompSrcUp), (8 bytes).
    Removing dl_timer.o(.text.DL_Timer_getSecondCompSrcUp), (20 bytes).
    Removing dl_timer.o(.ARM.exidx.text.DL_Timer_getSecondCompSrcUp), (8 bytes).
    Removing dl_timer.o(.text.DL_Timer_setSecondCompActionDn), (28 bytes).
    Removing dl_timer.o(.ARM.exidx.text.DL_Timer_setSecondCompActionDn), (8 bytes).
    Removing dl_timer.o(.text.DL_Timer_getSecondCompActionDn), (20 bytes).
    Removing dl_timer.o(.ARM.exidx.text.DL_Timer_getSecondCompActionDn), (8 bytes).
    Removing dl_timer.o(.text.DL_Timer_setSecondCompActionUp), (28 bytes).
    Removing dl_timer.o(.ARM.exidx.text.DL_Timer_setSecondCompActionUp), (8 bytes).
    Removing dl_timer.o(.text.DL_Timer_getSecondCompActionUp), (20 bytes).
    Removing dl_timer.o(.ARM.exidx.text.DL_Timer_getSecondCompActionUp), (8 bytes).
    Removing dl_timer.o(.text.DL_Timer_enableSuppressionOfCompEvent), (24 bytes).
    Removing dl_timer.o(.ARM.exidx.text.DL_Timer_enableSuppressionOfCompEvent), (8 bytes).
    Removing dl_timer.o(.text.DL_Timer_disableSuppressionOfCompEvent), (24 bytes).
    Removing dl_timer.o(.ARM.exidx.text.DL_Timer_disableSuppressionOfCompEvent), (8 bytes).
    Removing dl_timer.o(.ARM.exidx.text.DL_Timer_setCaptCompUpdateMethod), (8 bytes).
    Removing dl_timer.o(.text.DL_Timer_getCaptCompUpdateMethod), (20 bytes).
    Removing dl_timer.o(.ARM.exidx.text.DL_Timer_getCaptCompUpdateMethod), (8 bytes).
    Removing dl_timer.o(.text.DL_Timer_getCaptureCompareOutCtl), (16 bytes).
    Removing dl_timer.o(.ARM.exidx.text.DL_Timer_getCaptureCompareOutCtl), (8 bytes).
    Removing dl_timer.o(.text.DL_Timer_getCaptureCompareAction), (24 bytes).
    Removing dl_timer.o(.ARM.exidx.text.DL_Timer_getCaptureCompareAction), (8 bytes).
    Removing dl_timer.o(.text.DL_Timer_overrideCCPOut), (32 bytes).
    Removing dl_timer.o(.ARM.exidx.text.DL_Timer_overrideCCPOut), (8 bytes).
    Removing dl_timer.o(.text.DL_Timer_getCaptureCompareInput), (16 bytes).
    Removing dl_timer.o(.ARM.exidx.text.DL_Timer_getCaptureCompareInput), (8 bytes).
    Removing dl_timer.o(.text.DL_Timer_setCaptureCompareInputFilter), (28 bytes).
    Removing dl_timer.o(.ARM.exidx.text.DL_Timer_setCaptureCompareInputFilter), (8 bytes).
    Removing dl_timer.o(.text.DL_Timer_getCaptureCompareInputFilter), (18 bytes).
    Removing dl_timer.o(.ARM.exidx.text.DL_Timer_getCaptureCompareInputFilter), (8 bytes).
    Removing dl_timer.o(.text.DL_Timer_enableCaptureCompareInputFilter), (20 bytes).
    Removing dl_timer.o(.ARM.exidx.text.DL_Timer_enableCaptureCompareInputFilter), (8 bytes).
    Removing dl_timer.o(.text.DL_Timer_disableCaptureCompareInputFilter), (20 bytes).
    Removing dl_timer.o(.ARM.exidx.text.DL_Timer_disableCaptureCompareInputFilter), (8 bytes).
    Removing dl_timer.o(.text.DL_Timer_isCaptureCompareInputFilterEnabled), (20 bytes).
    Removing dl_timer.o(.ARM.exidx.text.DL_Timer_isCaptureCompareInputFilterEnabled), (8 bytes).
    Removing dl_timer.o(.text.DL_Timer_saveConfiguration), (264 bytes).
    Removing dl_timer.o(.ARM.exidx.text.DL_Timer_saveConfiguration), (8 bytes).
    Removing dl_timer.o(.text.DL_Timer_restoreConfiguration), (268 bytes).
    Removing dl_timer.o(.ARM.exidx.text.DL_Timer_restoreConfiguration), (8 bytes).
    Removing dl_timer.o(.ARM.exidx.text.DL_TimerA_initPWMMode), (8 bytes).
    Removing dl_timer.o(.text.DL_Timer_setFaultSourceConfig), (44 bytes).
    Removing dl_timer.o(.ARM.exidx.text.DL_Timer_setFaultSourceConfig), (8 bytes).
    Removing dl_timer.o(.text.DL_Timer_getFaultSourceConfig), (32 bytes).
    Removing dl_timer.o(.ARM.exidx.text.DL_Timer_getFaultSourceConfig), (8 bytes).
    Removing dl_timer.o(.text.DL_TimerA_saveConfiguration), (344 bytes).
    Removing dl_timer.o(.ARM.exidx.text.DL_TimerA_saveConfiguration), (8 bytes).
    Removing dl_timer.o(.text.DL_TimerA_restoreConfiguration), (360 bytes).
    Removing dl_timer.o(.ARM.exidx.text.DL_TimerA_restoreConfiguration), (8 bytes).
    Removing dl_timer.o(.text.DL_Timer_configQEIHallInputMode), (40 bytes).
    Removing dl_timer.o(.ARM.exidx.text.DL_Timer_configQEIHallInputMode), (8 bytes).
    Removing dl_timer.o(.rodata..Lswitch.table.DL_Timer_initCompareMode), (12 bytes).
    Removing dl_trng.o(.text), (0 bytes).
    Removing dl_trng.o(.text.DL_TRNG_saveConfiguration), (44 bytes).
    Removing dl_trng.o(.ARM.exidx.text.DL_TRNG_saveConfiguration), (8 bytes).
    Removing dl_trng.o(.text.DL_TRNG_restoreConfiguration), (72 bytes).
    Removing dl_trng.o(.ARM.exidx.text.DL_TRNG_restoreConfiguration), (8 bytes).
    Removing dl_uart.o(.text), (0 bytes).
    Removing dl_uart.o(.text.DL_UART_init), (72 bytes).
    Removing dl_uart.o(.ARM.exidx.text.DL_UART_init), (8 bytes).
    Removing dl_uart.o(.text.DL_UART_setClockConfig), (18 bytes).
    Removing dl_uart.o(.ARM.exidx.text.DL_UART_setClockConfig), (8 bytes).
    Removing dl_uart.o(.text.DL_UART_getClockConfig), (16 bytes).
    Removing dl_uart.o(.ARM.exidx.text.DL_UART_getClockConfig), (8 bytes).
    Removing dl_uart.o(.text.DL_UART_configBaudRate), (132 bytes).
    Removing dl_uart.o(.ARM.exidx.text.DL_UART_configBaudRate), (8 bytes).
    Removing dl_uart.o(.text.DL_UART_configIrDAMode), (68 bytes).
    Removing dl_uart.o(.ARM.exidx.text.DL_UART_configIrDAMode), (8 bytes).
    Removing dl_uart.o(.text.DL_UART_setIrDAPulseLength), (48 bytes).
    Removing dl_uart.o(.ARM.exidx.text.DL_UART_setIrDAPulseLength), (8 bytes).
    Removing dl_uart.o(.text.DL_UART_receiveDataBlocking), (40 bytes).
    Removing dl_uart.o(.ARM.exidx.text.DL_UART_receiveDataBlocking), (8 bytes).
    Removing dl_uart.o(.text.DL_UART_transmitDataBlocking), (36 bytes).
    Removing dl_uart.o(.ARM.exidx.text.DL_UART_transmitDataBlocking), (8 bytes).
    Removing dl_uart.o(.text.DL_UART_receiveDataCheck), (28 bytes).
    Removing dl_uart.o(.ARM.exidx.text.DL_UART_receiveDataCheck), (8 bytes).
    Removing dl_uart.o(.text.DL_UART_transmitDataCheck), (28 bytes).
    Removing dl_uart.o(.ARM.exidx.text.DL_UART_transmitDataCheck), (8 bytes).
    Removing dl_uart.o(.text.DL_UART_drainRXFIFO), (116 bytes).
    Removing dl_uart.o(.ARM.exidx.text.DL_UART_drainRXFIFO), (8 bytes).
    Removing dl_uart.o(.text.DL_UART_fillTXFIFO), (116 bytes).
    Removing dl_uart.o(.ARM.exidx.text.DL_UART_fillTXFIFO), (8 bytes).
    Removing dl_uart.o(.text.DL_UART_Main_saveConfiguration), (116 bytes).
    Removing dl_uart.o(.ARM.exidx.text.DL_UART_Main_saveConfiguration), (8 bytes).
    Removing dl_uart.o(.text.DL_UART_Main_restoreConfiguration), (136 bytes).
    Removing dl_uart.o(.ARM.exidx.text.DL_UART_Main_restoreConfiguration), (8 bytes).
    Removing dl_uart.o(.text.DL_UART_Extend_saveConfiguration), (144 bytes).
    Removing dl_uart.o(.ARM.exidx.text.DL_UART_Extend_saveConfiguration), (8 bytes).
    Removing dl_uart.o(.text.DL_UART_Extend_restoreConfiguration), (168 bytes).
    Removing dl_uart.o(.ARM.exidx.text.DL_UART_Extend_restoreConfiguration), (8 bytes).
    Removing dl_vref.o(.text), (0 bytes).
    Removing dl_vref.o(.text.DL_VREF_configReference), (32 bytes).
    Removing dl_vref.o(.ARM.exidx.text.DL_VREF_configReference), (8 bytes).
    Removing dl_vref.o(.text.DL_VREF_setClockConfig), (18 bytes).
    Removing dl_vref.o(.ARM.exidx.text.DL_VREF_setClockConfig), (8 bytes).
    Removing dl_vref.o(.text.DL_VREF_getClockConfig), (16 bytes).
    Removing dl_vref.o(.ARM.exidx.text.DL_VREF_getClockConfig), (8 bytes).
    Removing dl_interrupt.o(.text), (0 bytes).
    Removing dl_interrupt.o(.text.DL_Interrupt_registerInterrupt), (144 bytes).
    Removing dl_interrupt.o(.ARM.exidx.text.DL_Interrupt_registerInterrupt), (8 bytes).
    Removing dl_interrupt.o(.text.DL_Interrupt_unregisterInterrupt), (20 bytes).
    Removing dl_interrupt.o(.ARM.exidx.text.DL_Interrupt_unregisterInterrupt), (8 bytes).
    Removing dl_interrupt.o(.vtable), (192 bytes).
    Removing dl_sysctl_mspm0g1x0x_g3x0x.o(.text), (0 bytes).
    Removing dl_sysctl_mspm0g1x0x_g3x0x.o(.text.DL_SYSCTL_configSYSPLL), (240 bytes).
    Removing dl_sysctl_mspm0g1x0x_g3x0x.o(.ARM.exidx.text.DL_SYSCTL_configSYSPLL), (8 bytes).
    Removing dl_sysctl_mspm0g1x0x_g3x0x.o(.text.DL_SYSCTL_setLFCLKSourceLFXT), (100 bytes).
    Removing dl_sysctl_mspm0g1x0x_g3x0x.o(.ARM.exidx.text.DL_SYSCTL_setLFCLKSourceLFXT), (8 bytes).
    Removing dl_sysctl_mspm0g1x0x_g3x0x.o(.text.DL_SYSCTL_switchMCLKfromSYSOSCtoLFCLK), (80 bytes).
    Removing dl_sysctl_mspm0g1x0x_g3x0x.o(.ARM.exidx.text.DL_SYSCTL_switchMCLKfromSYSOSCtoLFCLK), (8 bytes).
    Removing dl_sysctl_mspm0g1x0x_g3x0x.o(.text.DL_SYSCTL_switchMCLKfromLFCLKtoSYSOSC), (60 bytes).
    Removing dl_sysctl_mspm0g1x0x_g3x0x.o(.ARM.exidx.text.DL_SYSCTL_switchMCLKfromLFCLKtoSYSOSC), (8 bytes).
    Removing dl_sysctl_mspm0g1x0x_g3x0x.o(.text.DL_SYSCTL_switchMCLKfromSYSOSCtoHSCLK), (80 bytes).
    Removing dl_sysctl_mspm0g1x0x_g3x0x.o(.ARM.exidx.text.DL_SYSCTL_switchMCLKfromSYSOSCtoHSCLK), (8 bytes).
    Removing dl_sysctl_mspm0g1x0x_g3x0x.o(.text.DL_SYSCTL_switchMCLKfromHSCLKtoSYSOSC), (48 bytes).
    Removing dl_sysctl_mspm0g1x0x_g3x0x.o(.ARM.exidx.text.DL_SYSCTL_switchMCLKfromHSCLKtoSYSOSC), (8 bytes).
    Removing dl_sysctl_mspm0g1x0x_g3x0x.o(.text.DL_SYSCTL_setHFCLKSourceHFXT), (96 bytes).
    Removing dl_sysctl_mspm0g1x0x_g3x0x.o(.ARM.exidx.text.DL_SYSCTL_setHFCLKSourceHFXT), (8 bytes).
    Removing dl_sysctl_mspm0g1x0x_g3x0x.o(.text.DL_SYSCTL_setHFCLKSourceHFXTParams), (108 bytes).
    Removing dl_sysctl_mspm0g1x0x_g3x0x.o(.ARM.exidx.text.DL_SYSCTL_setHFCLKSourceHFXTParams), (8 bytes).
    Removing dl_sysctl_mspm0g1x0x_g3x0x.o(.text.DL_SYSCTL_configFCC), (28 bytes).
    Removing dl_sysctl_mspm0g1x0x_g3x0x.o(.ARM.exidx.text.DL_SYSCTL_configFCC), (8 bytes).
    Removing dl_sysctl_mspm0g1x0x_g3x0x.o(.text.DL_SYSCTL_getPowerPolicyRUNSLEEP), (48 bytes).
    Removing dl_sysctl_mspm0g1x0x_g3x0x.o(.ARM.exidx.text.DL_SYSCTL_getPowerPolicyRUNSLEEP), (8 bytes).
    Removing dl_sysctl_mspm0g1x0x_g3x0x.o(.text.DL_SYSCTL_getPowerPolicySTOP), (52 bytes).
    Removing dl_sysctl_mspm0g1x0x_g3x0x.o(.ARM.exidx.text.DL_SYSCTL_getPowerPolicySTOP), (8 bytes).
    Removing dl_sysctl_mspm0g1x0x_g3x0x.o(.text.DL_SYSCTL_getPowerPolicySTANDBY), (40 bytes).
    Removing dl_sysctl_mspm0g1x0x_g3x0x.o(.ARM.exidx.text.DL_SYSCTL_getPowerPolicySTANDBY), (8 bytes).
    Removing drv_oled.o(.text), (0 bytes).
    Removing drv_oled.o(.text.OLED_WrDat), (22 bytes).
    Removing drv_oled.o(.ARM.exidx.text.OLED_WrDat), (8 bytes).
    Removing drv_oled.o(.text.OLED_WrCmd), (22 bytes).
    Removing drv_oled.o(.ARM.exidx.text.OLED_WrCmd), (8 bytes).
    Removing drv_oled.o(.text.OLED_Set_Pos), (70 bytes).
    Removing drv_oled.o(.ARM.exidx.text.OLED_Set_Pos), (8 bytes).
    Removing drv_oled.o(.text.OLED_Fill), (104 bytes).
    Removing drv_oled.o(.ARM.exidx.text.OLED_Fill), (8 bytes).
    Removing drv_oled.o(.text.OLED_CLS), (96 bytes).
    Removing drv_oled.o(.ARM.exidx.text.OLED_CLS), (8 bytes).
    Removing drv_oled.o(.text.LCD_P6x8Str), (264 bytes).
    Removing drv_oled.o(.ARM.exidx.text.LCD_P6x8Str), (8 bytes).
    Removing drv_oled.o(.text.LCD_P6x8Char), (228 bytes).
    Removing drv_oled.o(.ARM.exidx.text.LCD_P6x8Char), (8 bytes).
    Removing drv_oled.o(.text.write_6_8_number), (720 bytes).
    Removing drv_oled.o(.ARM.exidx.text.write_6_8_number), (8 bytes).
    Removing drv_oled.o(.text.LCD_clear_L), (146 bytes).
    Removing drv_oled.o(.ARM.exidx.text.LCD_clear_L), (8 bytes).
    Removing drv_oled.o(.text.Draw_Logo), (116 bytes).
    Removing drv_oled.o(.ARM.exidx.text.Draw_Logo), (8 bytes).
    Removing drv_oled.o(.text.oled_init), (36 bytes).
    Removing drv_oled.o(.ARM.exidx.text.oled_init), (8 bytes).
    Removing drv_oled.o(.text.display_6_8_number), (8 bytes).
    Removing drv_oled.o(.ARM.exidx.text.display_6_8_number), (8 bytes).
    Removing drv_oled.o(.text.display_6_8_string), (8 bytes).
    Removing drv_oled.o(.ARM.exidx.text.display_6_8_string), (8 bytes).
    Removing drv_oled.o(.text.display_6_8_number_pro), (54 bytes).
    Removing drv_oled.o(.ARM.exidx.text.display_6_8_number_pro), (8 bytes).
    Removing drv_oled.o(.text.write_6_8_number_f1), (648 bytes).
    Removing drv_oled.o(.ARM.exidx.text.write_6_8_number_f1), (8 bytes).
    Removing drv_oled.o(.text.display_6_8_number_f1), (8 bytes).
    Removing drv_oled.o(.ARM.exidx.text.display_6_8_number_f1), (8 bytes).
    Removing drv_oled.o(.rodata.F6x8), (552 bytes).
    Removing drv_oled.o(.rodata.NC_Logo), (1024 bytes).
    Removing glcdfont.o(.text), (0 bytes).
    Removing ssd1306.o(.text), (0 bytes).
    Removing ssd1306.o(.text.ssd1306_width), (12 bytes).
    Removing ssd1306.o(.ARM.exidx.text.ssd1306_width), (8 bytes).
    Removing ssd1306.o(.text.ssd1306_height), (12 bytes).
    Removing ssd1306.o(.ARM.exidx.text.ssd1306_height), (8 bytes).
    Removing ssd1306.o(.text.set_rotation), (80 bytes).
    Removing ssd1306.o(.ARM.exidx.text.set_rotation), (8 bytes).
    Removing ssd1306.o(.text.ssd1306_command), (8 bytes).
    Removing ssd1306.o(.ARM.exidx.text.ssd1306_command), (8 bytes).
    Removing ssd1306.o(.text.ssd1306_begin), (312 bytes).
    Removing ssd1306.o(.ARM.exidx.text.ssd1306_begin), (8 bytes).
    Removing ssd1306.o(.text.ssd1306_draw_pixel), (240 bytes).
    Removing ssd1306.o(.ARM.exidx.text.ssd1306_draw_pixel), (8 bytes).
    Removing ssd1306.o(.text.ssd1306_invert_display), (22 bytes).
    Removing ssd1306.o(.ARM.exidx.text.ssd1306_invert_display), (8 bytes).
    Removing ssd1306.o(.text.ssd1306_start_scroll_right), (58 bytes).
    Removing ssd1306.o(.ARM.exidx.text.ssd1306_start_scroll_right), (8 bytes).
    Removing ssd1306.o(.text.ssd1306_start_scroll_left), (58 bytes).
    Removing ssd1306.o(.ARM.exidx.text.ssd1306_start_scroll_left), (8 bytes).
    Removing ssd1306.o(.text.ssd1306_start_scroll_diag_right), (70 bytes).
    Removing ssd1306.o(.ARM.exidx.text.ssd1306_start_scroll_diag_right), (8 bytes).
    Removing ssd1306.o(.text.ssd1306_start_scroll_diag_left), (70 bytes).
    Removing ssd1306.o(.ARM.exidx.text.ssd1306_start_scroll_diag_left), (8 bytes).
    Removing ssd1306.o(.text.ssd1306_stop_scroll), (10 bytes).
    Removing ssd1306.o(.ARM.exidx.text.ssd1306_stop_scroll), (8 bytes).
    Removing ssd1306.o(.text.ssd1306_dim), (44 bytes).
    Removing ssd1306.o(.ARM.exidx.text.ssd1306_dim), (8 bytes).
    Removing ssd1306.o(.text.ssd1306_data), (8 bytes).
    Removing ssd1306.o(.ARM.exidx.text.ssd1306_data), (8 bytes).
    Removing ssd1306.o(.text.ssd1306_display), (46 bytes).
    Removing ssd1306.o(.ARM.exidx.text.ssd1306_display), (8 bytes).
    Removing ssd1306.o(.text.draw_oled), (244 bytes).
    Removing ssd1306.o(.ARM.exidx.text.draw_oled), (8 bytes).
    Removing ssd1306.o(.text.ssd1306_clear_display), (20 bytes).
    Removing ssd1306.o(.ARM.exidx.text.ssd1306_clear_display), (8 bytes).
    Removing ssd1306.o(.text.ssd1306_draw_fast_hline), (492 bytes).
    Removing ssd1306.o(.ARM.exidx.text.ssd1306_draw_fast_hline), (8 bytes).
    Removing ssd1306.o(.text.ssd1306_draw_fast_vline_internal), (500 bytes).
    Removing ssd1306.o(.ARM.exidx.text.ssd1306_draw_fast_vline_internal), (8 bytes).
    Removing ssd1306.o(.text.ssd1306_draw_fast_hline_internal), (396 bytes).
    Removing ssd1306.o(.ARM.exidx.text.ssd1306_draw_fast_hline_internal), (8 bytes).
    Removing ssd1306.o(.text.ssd1306_draw_fast_vline), (492 bytes).
    Removing ssd1306.o(.ARM.exidx.text.ssd1306_draw_fast_vline), (8 bytes).
    Removing ssd1306.o(.text.ssd1306_draw_circle), (280 bytes).
    Removing ssd1306.o(.ARM.exidx.text.ssd1306_draw_circle), (8 bytes).
    Removing ssd1306.o(.text.ssd1306_draw_circle_helper), (314 bytes).
    Removing ssd1306.o(.ARM.exidx.text.ssd1306_draw_circle_helper), (8 bytes).
    Removing ssd1306.o(.text.ssd1306_fill_circle), (50 bytes).
    Removing ssd1306.o(.ARM.exidx.text.ssd1306_fill_circle), (8 bytes).
    Removing ssd1306.o(.text.ssd1306_fill_circle_helper), (230 bytes).
    Removing ssd1306.o(.ARM.exidx.text.ssd1306_fill_circle_helper), (8 bytes).
    Removing ssd1306.o(.text.ssd1306_draw_line), (184 bytes).
    Removing ssd1306.o(.ARM.exidx.text.ssd1306_draw_line), (8 bytes).
    Removing ssd1306.o(.text.ssd1306_draw_rect), (70 bytes).
    Removing ssd1306.o(.ARM.exidx.text.ssd1306_draw_rect), (8 bytes).
    Removing ssd1306.o(.text.ssd1306_fill_rect), (46 bytes).
    Removing ssd1306.o(.ARM.exidx.text.ssd1306_fill_rect), (8 bytes).
    Removing ssd1306.o(.text.ssd1306_fill_screen), (52 bytes).
    Removing ssd1306.o(.ARM.exidx.text.ssd1306_fill_screen), (8 bytes).
    Removing ssd1306.o(.text.ssd1306_draw_round_rect), (554 bytes).
    Removing ssd1306.o(.ARM.exidx.text.ssd1306_draw_round_rect), (8 bytes).
    Removing ssd1306.o(.text.ssd1306_fill_round_rect), (342 bytes).
    Removing ssd1306.o(.ARM.exidx.text.ssd1306_fill_round_rect), (8 bytes).
    Removing ssd1306.o(.text.ssd1306_draw_triangle), (56 bytes).
    Removing ssd1306.o(.ARM.exidx.text.ssd1306_draw_triangle), (8 bytes).
    Removing ssd1306.o(.text.ssd1306_fill_triangle), (422 bytes).
    Removing ssd1306.o(.ARM.exidx.text.ssd1306_fill_triangle), (8 bytes).
    Removing ssd1306.o(.text.ssd1306_draw_bitmap), (122 bytes).
    Removing ssd1306.o(.ARM.exidx.text.ssd1306_draw_bitmap), (8 bytes).
    Removing ssd1306.o(.text.ssd1306_draw_bitmap_bg), (132 bytes).
    Removing ssd1306.o(.ARM.exidx.text.ssd1306_draw_bitmap_bg), (8 bytes).
    Removing ssd1306.o(.text.ssd1306_draw_xbitmap), (122 bytes).
    Removing ssd1306.o(.ARM.exidx.text.ssd1306_draw_xbitmap), (8 bytes).
    Removing ssd1306.o(.text.ssd1306_write), (144 bytes).
    Removing ssd1306.o(.ARM.exidx.text.ssd1306_write), (8 bytes).
    Removing ssd1306.o(.text.ssd1306_draw_char), (304 bytes).
    Removing ssd1306.o(.ARM.exidx.text.ssd1306_draw_char), (8 bytes).
    Removing ssd1306.o(.text.ssd1306_set_cursor), (20 bytes).
    Removing ssd1306.o(.ARM.exidx.text.ssd1306_set_cursor), (8 bytes).
    Removing ssd1306.o(.text.ssd1306_get_cursor_x), (12 bytes).
    Removing ssd1306.o(.ARM.exidx.text.ssd1306_get_cursor_x), (8 bytes).
    Removing ssd1306.o(.text.ssd1306_get_cursor_y), (12 bytes).
    Removing ssd1306.o(.ARM.exidx.text.ssd1306_get_cursor_y), (8 bytes).
    Removing ssd1306.o(.text.ssd1306_set_textsize), (16 bytes).
    Removing ssd1306.o(.ARM.exidx.text.ssd1306_set_textsize), (8 bytes).
    Removing ssd1306.o(.text.ssd1306_set_textcolor), (20 bytes).
    Removing ssd1306.o(.ARM.exidx.text.ssd1306_set_textcolor), (8 bytes).
    Removing ssd1306.o(.text.ssd1306_set_textcolor_bg), (20 bytes).
    Removing ssd1306.o(.ARM.exidx.text.ssd1306_set_textcolor_bg), (8 bytes).
    Removing ssd1306.o(.text.ssd1306_set_textwrap), (16 bytes).
    Removing ssd1306.o(.ARM.exidx.text.ssd1306_set_textwrap), (8 bytes).
    Removing ssd1306.o(.text.ssd1306_get_rotation), (12 bytes).
    Removing ssd1306.o(.ARM.exidx.text.ssd1306_get_rotation), (8 bytes).
    Removing ssd1306.o(.text.ssd1306_set_rotation), (80 bytes).
    Removing ssd1306.o(.ARM.exidx.text.ssd1306_set_rotation), (8 bytes).
    Removing ssd1306.o(.text.ssd1306_cp437), (16 bytes).
    Removing ssd1306.o(.ARM.exidx.text.ssd1306_cp437), (8 bytes).
    Removing ssd1306.o(.text.ssd1306_putstring), (160 bytes).
    Removing ssd1306.o(.ARM.exidx.text.ssd1306_putstring), (8 bytes).
    Removing ssd1306.o(.text.ssd1306_puts), (180 bytes).
    Removing ssd1306.o(.ARM.exidx.text.ssd1306_puts), (8 bytes).
    Removing ssd1306.o(.bss._width), (2 bytes).
    Removing ssd1306.o(.bss._height), (2 bytes).
    Removing ssd1306.o(.bss.rotation), (1 bytes).
    Removing ssd1306.o(.bss.WIDTH), (1 bytes).
    Removing ssd1306.o(.bss.HEIGHT), (1 bytes).
    Removing ssd1306.o(.bss._vccstate), (1 bytes).
    Removing ssd1306.o(.bss.cursor_x), (2 bytes).
    Removing ssd1306.o(.bss.cursor_y), (2 bytes).
    Removing ssd1306.o(.bss.textsize), (1 bytes).
    Removing ssd1306.o(.bss.textbgcolor), (2 bytes).
    Removing ssd1306.o(.bss.textcolor), (2 bytes).
    Removing ssd1306.o(.bss.wrap), (1 bytes).
    Removing ssd1306.o(.bss._cp437), (1 bytes).
    Removing ssd1306.o(.rodata.font), (1275 bytes).
    Removing ssd1306.o(.data.buffer), (1024 bytes).
    Removing ssd1306.o(.rodata..Lswitch.table.ssd1306_set_rotation), (16 bytes).
    Removing ssd1306.o(.rodata.cst8), (16 bytes).
    Removing ssd1306.o(.rodata..Lswitch.table.ssd1306_set_rotation.6), (16 bytes).
    Removing drv_i2c.o(.text), (0 bytes).
    Removing drv_i2c.o(.text.delay_ms), (24 bytes).
    Removing drv_i2c.o(.ARM.exidx.text.delay_ms), (8 bytes).
    Removing drv_i2c.o(.text.i2c0_write_n_byte), (200 bytes).
    Removing drv_i2c.o(.ARM.exidx.text.i2c0_write_n_byte), (8 bytes).
    Removing drv_i2c.o(.bss.i2c0_write_n_byte.temp_reg_dddr), (1 bytes).
    Removing motor.o(.text), (0 bytes).
    Removing main.o(.text), (0 bytes).
    Removing main.o(.ARM.exidx.text.main), (8 bytes).
    Removing main.o(.ARM.exidx.text.TIMG0_IRQHandler), (8 bytes).
    Removing main.o(.bss.cnt), (4 bytes).
    Removing main.o(.ARM.use_no_argv), (4 bytes).
    Removing ti_msp_dl_config.o(.text), (0 bytes).
    Removing ti_msp_dl_config.o(.ARM.exidx.text.SYSCFG_DL_init), (8 bytes).
    Removing ti_msp_dl_config.o(.ARM.exidx.text.SYSCFG_DL_initPower), (8 bytes).
    Removing ti_msp_dl_config.o(.ARM.exidx.text.SYSCFG_DL_GPIO_init), (8 bytes).
    Removing ti_msp_dl_config.o(.ARM.exidx.text.SYSCFG_DL_SYSCTL_init), (8 bytes).
    Removing ti_msp_dl_config.o(.ARM.exidx.text.SYSCFG_DL_PWM_A_init), (8 bytes).
    Removing ti_msp_dl_config.o(.ARM.exidx.text.SYSCFG_DL_PWM_B_init), (8 bytes).
    Removing ti_msp_dl_config.o(.ARM.exidx.text.SYSCFG_DL_PWM_C_init), (8 bytes).
    Removing ti_msp_dl_config.o(.ARM.exidx.text.SYSCFG_DL_PWM_D_init), (8 bytes).
    Removing ti_msp_dl_config.o(.ARM.exidx.text.SYSCFG_DL_TIMER_0_init), (8 bytes).
    Removing ti_msp_dl_config.o(.ARM.exidx.text.SYSCFG_DL_I2C_0_init), (8 bytes).
    Removing ti_msp_dl_config.o(.text.SYSCFG_DL_saveConfiguration), (80 bytes).
    Removing ti_msp_dl_config.o(.ARM.exidx.text.SYSCFG_DL_saveConfiguration), (8 bytes).
    Removing ti_msp_dl_config.o(.text.SYSCFG_DL_restoreConfiguration), (92 bytes).
    Removing ti_msp_dl_config.o(.ARM.exidx.text.SYSCFG_DL_restoreConfiguration), (8 bytes).

815 unused section(s) (total 38339 bytes) removed from the image.

==============================================================================

Image Symbol Table

    Local Symbols

    Symbol Name                              Value     Ov Type        Size  Object(Section)

    ../clib/angel/boardlib.s                 0x00000000   Number         0  boardinit1.o ABSOLUTE
    ../clib/angel/boardlib.s                 0x00000000   Number         0  boardinit2.o ABSOLUTE
    ../clib/angel/boardlib.s                 0x00000000   Number         0  boardinit3.o ABSOLUTE
    ../clib/angel/boardlib.s                 0x00000000   Number         0  boardshut.o ABSOLUTE
    ../clib/angel/handlers.s                 0x00000000   Number         0  __scatter_zi.o ABSOLUTE
    ../clib/angel/kernel.s                   0x00000000   Number         0  __rtentry.o ABSOLUTE
    ../clib/angel/kernel.s                   0x00000000   Number         0  __rtentry2.o ABSOLUTE
    ../clib/angel/kernel.s                   0x00000000   Number         0  __rtentry4.o ABSOLUTE
    ../clib/angel/kernel.s                   0x00000000   Number         0  rtexit.o ABSOLUTE
    ../clib/angel/kernel.s                   0x00000000   Number         0  rtexit2.o ABSOLUTE
    ../clib/angel/rt.s                       0x00000000   Number         0  aeabi_idiv0.o ABSOLUTE
    ../clib/angel/rt.s                       0x00000000   Number         0  aeabi_idiv0_sigfpe.o ABSOLUTE
    ../clib/angel/rt.s                       0x00000000   Number         0  rt_div0.o ABSOLUTE
    ../clib/angel/rt.s                       0x00000000   Number         0  rt_raise.o ABSOLUTE
    ../clib/angel/scatterp.s                 0x00000000   Number         0  __scatter.o ABSOLUTE
    ../clib/angel/startup.s                  0x00000000   Number         0  __main.o ABSOLUTE
    ../clib/angel/sys.s                      0x00000000   Number         0  sys_stackheap_outer.o ABSOLUTE
    ../clib/angel/sys.s                      0x00000000   Number         0  libspace.o ABSOLUTE
    ../clib/angel/sys.s                      0x00000000   Number         0  tempstk.o ABSOLUTE
    ../clib/angel/sys.s                      0x00000000   Number         0  use_no_semi.o ABSOLUTE
    ../clib/angel/sys.s                      0x00000000   Number         0  indicate_semi.o ABSOLUTE
    ../clib/angel/sysapp.c                   0x00000000   Number         0  sys_exit.o ABSOLUTE
    ../clib/angel/sysapp.c                   0x00000000   Number         0  sys_exit_hlt.o ABSOLUTE
    ../clib/angel/sysapp.c                   0x00000000   Number         0  sys_wrch.o ABSOLUTE
    ../clib/angel/sysapp.c                   0x00000000   Number         0  sys_wrch_hlt.o ABSOLUTE
    ../clib/angel/sysapp.c                   0x00000000   Number         0  sys_command.o ABSOLUTE
    ../clib/angel/sysapp.c                   0x00000000   Number         0  sys_command_hlt.o ABSOLUTE
    ../clib/armsys.c                         0x00000000   Number         0  argv_veneer.o ABSOLUTE
    ../clib/armsys.c                         0x00000000   Number         0  _get_argv_nomalloc.o ABSOLUTE
    ../clib/armsys.c                         0x00000000   Number         0  no_argv.o ABSOLUTE
    ../clib/division.s                       0x00000000   Number         0  aeabi_sdivfast.o ABSOLUTE
    ../clib/division.s                       0x00000000   Number         0  aeabi_sdivfast_div0.o ABSOLUTE
    ../clib/heapalloc.c                      0x00000000   Number         0  hrguard.o ABSOLUTE
    ../clib/heapaux.c                        0x00000000   Number         0  heapauxi.o ABSOLUTE
    ../clib/libinit.s                        0x00000000   Number         0  libinit.o ABSOLUTE
    ../clib/libinit.s                        0x00000000   Number         0  libinit2.o ABSOLUTE
    ../clib/libinit.s                        0x00000000   Number         0  libshutdown.o ABSOLUTE
    ../clib/libinit.s                        0x00000000   Number         0  libshutdown2.o ABSOLUTE
    ../clib/memcpset.c                       0x00000000   Number         0  rt_memclr.o ABSOLUTE
    ../clib/signal.c                         0x00000000   Number         0  defsig_fpe_outer.o ABSOLUTE
    ../clib/signal.c                         0x00000000   Number         0  defsig_fpe_formal.o ABSOLUTE
    ../clib/signal.c                         0x00000000   Number         0  defsig_exit.o ABSOLUTE
    ../clib/signal.c                         0x00000000   Number         0  defsig_fpe_inner.o ABSOLUTE
    ../clib/signal.c                         0x00000000   Number         0  __raise.o ABSOLUTE
    ../clib/signal.c                         0x00000000   Number         0  defsig_general.o ABSOLUTE
    ../clib/signal.c                         0x00000000   Number         0  defsig_abrt_inner.o ABSOLUTE
    ../clib/signal.c                         0x00000000   Number         0  defsig_rtred_inner.o ABSOLUTE
    ../clib/signal.c                         0x00000000   Number         0  defsig_rtmem_inner.o ABSOLUTE
    ../clib/signal.c                         0x00000000   Number         0  defsig_rtmem_outer.o ABSOLUTE
    ../clib/signal.c                         0x00000000   Number         0  defsig_rtmem_formal.o ABSOLUTE
    ../clib/signal.c                         0x00000000   Number         0  defsig_stak_inner.o ABSOLUTE
    ../clib/signal.c                         0x00000000   Number         0  defsig_pvfn_inner.o ABSOLUTE
    ../clib/signal.c                         0x00000000   Number         0  defsig_cppl_inner.o ABSOLUTE
    ../clib/signal.c                         0x00000000   Number         0  defsig_segv_inner.o ABSOLUTE
    ../clib/signal.c                         0x00000000   Number         0  defsig_other.o ABSOLUTE
    ../clib/signal.s                         0x00000000   Number         0  defsig.o ABSOLUTE
    ../clib/stdlib.c                         0x00000000   Number         0  exit.o ABSOLUTE
    ../fplib/cfplib/cmp.c                    0x00000000   Number         0  fcmp.o ABSOLUTE
    ../fplib/cfplib/cmpret.c                 0x00000000   Number         0  cmpret.o ABSOLUTE
    ../fplib/cfplib/fcmpin.c                 0x00000000   Number         0  fcmpin.o ABSOLUTE
    ../fplib/cfplib/ffix.c                   0x00000000   Number         0  ffixi.o ABSOLUTE
    ../fplib/cfplib/fflt.c                   0x00000000   Number         0  fflti.o ABSOLUTE
    ../fplib/cfplib/fpinit.c                 0x00000000   Number         0  fpinit.o ABSOLUTE
    ../fplib/cfplib/nan2.c                   0x00000000   Number         0  fnan2.o ABSOLUTE
    ../fplib/cfplib/retnan.c                 0x00000000   Number         0  retnan.o ABSOLUTE
    ../fplib/faddsub6m.s                     0x00000000   Number         0  faddsub.o ABSOLUTE
    ../fplib/feqf6m.s                        0x00000000   Number         0  feqf.o ABSOLUTE
    ../fplib/fgeqf6m.s                       0x00000000   Number         0  fgef.o ABSOLUTE
    ../fplib/fleqf6m.s                       0x00000000   Number         0  flef.o ABSOLUTE
    ../fplib/fmul6m.s                        0x00000000   Number         0  fmul.o ABSOLUTE
    ../fplib/usenofp.s                       0x00000000   Number         0  usenofp.o ABSOLUTE
    dc.s                                     0x00000000   Number         0  dc.o ABSOLUTE
    dl_adc12.c                               0x00000000   Number         0  dl_adc12.o ABSOLUTE
    dl_aes.c                                 0x00000000   Number         0  dl_aes.o ABSOLUTE
    dl_aesadv.c                              0x00000000   Number         0  dl_aesadv.o ABSOLUTE
    dl_common.c                              0x00000000   Number         0  dl_common.o ABSOLUTE
    dl_crc.c                                 0x00000000   Number         0  dl_crc.o ABSOLUTE
    dl_crcp.c                                0x00000000   Number         0  dl_crcp.o ABSOLUTE
    dl_dac12.c                               0x00000000   Number         0  dl_dac12.o ABSOLUTE
    dl_dma.c                                 0x00000000   Number         0  dl_dma.o ABSOLUTE
    dl_flashctl.c                            0x00000000   Number         0  dl_flashctl.o ABSOLUTE
    dl_i2c.c                                 0x00000000   Number         0  dl_i2c.o ABSOLUTE
    dl_interrupt.c                           0x00000000   Number         0  dl_interrupt.o ABSOLUTE
    dl_keystorectl.c                         0x00000000   Number         0  dl_keystorectl.o ABSOLUTE
    dl_lcd.c                                 0x00000000   Number         0  dl_lcd.o ABSOLUTE
    dl_lfss.c                                0x00000000   Number         0  dl_lfss.o ABSOLUTE
    dl_mathacl.c                             0x00000000   Number         0  dl_mathacl.o ABSOLUTE
    dl_mcan.c                                0x00000000   Number         0  dl_mcan.o ABSOLUTE
    dl_opa.c                                 0x00000000   Number         0  dl_opa.o ABSOLUTE
    dl_rtc_common.c                          0x00000000   Number         0  dl_rtc_common.o ABSOLUTE
    dl_spi.c                                 0x00000000   Number         0  dl_spi.o ABSOLUTE
    dl_sysctl_mspm0g1x0x_g3x0x.c             0x00000000   Number         0  dl_sysctl_mspm0g1x0x_g3x0x.o ABSOLUTE
    dl_timer.c                               0x00000000   Number         0  dl_timer.o ABSOLUTE
    dl_trng.c                                0x00000000   Number         0  dl_trng.o ABSOLUTE
    dl_uart.c                                0x00000000   Number         0  dl_uart.o ABSOLUTE
    dl_vref.c                                0x00000000   Number         0  dl_vref.o ABSOLUTE
    drv_i2c.c                                0x00000000   Number         0  drv_i2c.o ABSOLUTE
    drv_oled.c                               0x00000000   Number         0  drv_oled.o ABSOLUTE
    glcdfont.c                               0x00000000   Number         0  glcdfont.o ABSOLUTE
    main.c                                   0x00000000   Number         0  main.o ABSOLUTE
    motor.c                                  0x00000000   Number         0  motor.o ABSOLUTE
    ssd1306.c                                0x00000000   Number         0  ssd1306.o ABSOLUTE
    startup_mspm0g350x_uvision.s             0x00000000   Number         0  startup_mspm0g350x_uvision.o ABSOLUTE
    ti_msp_dl_config.c                       0x00000000   Number         0  ti_msp_dl_config.o ABSOLUTE
    RESET                                    0x00000000   Section      192  startup_mspm0g350x_uvision.o(RESET)
    !!!main                                  0x000000c0   Section        8  __main.o(!!!main)
    !!!scatter                               0x000000c8   Section       84  __scatter.o(!!!scatter)
    !!handler_null                           0x00000120   Section        2  __scatter.o(!!handler_null)
    !!handler_zi                             0x00000128   Section       28  __scatter_zi.o(!!handler_zi)
    .ARM.Collect$$libinit$$00000000          0x00000144   Section        2  libinit.o(.ARM.Collect$$libinit$$00000000)
    .ARM.Collect$$libinit$$00000002          0x00000146   Section        0  libinit2.o(.ARM.Collect$$libinit$$00000002)
    .ARM.Collect$$libinit$$00000004          0x00000146   Section        0  libinit2.o(.ARM.Collect$$libinit$$00000004)
    .ARM.Collect$$libinit$$00000006          0x00000146   Section        0  libinit2.o(.ARM.Collect$$libinit$$00000006)
    .ARM.Collect$$libinit$$0000000C          0x00000146   Section        0  libinit2.o(.ARM.Collect$$libinit$$0000000C)
    .ARM.Collect$$libinit$$0000000E          0x00000146   Section        0  libinit2.o(.ARM.Collect$$libinit$$0000000E)
    .ARM.Collect$$libinit$$00000010          0x00000146   Section        0  libinit2.o(.ARM.Collect$$libinit$$00000010)
    .ARM.Collect$$libinit$$00000013          0x00000146   Section        0  libinit2.o(.ARM.Collect$$libinit$$00000013)
    .ARM.Collect$$libinit$$00000015          0x00000146   Section        0  libinit2.o(.ARM.Collect$$libinit$$00000015)
    .ARM.Collect$$libinit$$00000017          0x00000146   Section        0  libinit2.o(.ARM.Collect$$libinit$$00000017)
    .ARM.Collect$$libinit$$00000019          0x00000146   Section        0  libinit2.o(.ARM.Collect$$libinit$$00000019)
    .ARM.Collect$$libinit$$0000001B          0x00000146   Section        0  libinit2.o(.ARM.Collect$$libinit$$0000001B)
    .ARM.Collect$$libinit$$0000001D          0x00000146   Section        0  libinit2.o(.ARM.Collect$$libinit$$0000001D)
    .ARM.Collect$$libinit$$0000001F          0x00000146   Section        0  libinit2.o(.ARM.Collect$$libinit$$0000001F)
    .ARM.Collect$$libinit$$00000021          0x00000146   Section        0  libinit2.o(.ARM.Collect$$libinit$$00000021)
    .ARM.Collect$$libinit$$00000023          0x00000146   Section        0  libinit2.o(.ARM.Collect$$libinit$$00000023)
    .ARM.Collect$$libinit$$00000025          0x00000146   Section        0  libinit2.o(.ARM.Collect$$libinit$$00000025)
    .ARM.Collect$$libinit$$00000027          0x00000146   Section        0  libinit2.o(.ARM.Collect$$libinit$$00000027)
    .ARM.Collect$$libinit$$0000002E          0x00000146   Section        0  libinit2.o(.ARM.Collect$$libinit$$0000002E)
    .ARM.Collect$$libinit$$00000030          0x00000146   Section        0  libinit2.o(.ARM.Collect$$libinit$$00000030)
    .ARM.Collect$$libinit$$00000032          0x00000146   Section        0  libinit2.o(.ARM.Collect$$libinit$$00000032)
    .ARM.Collect$$libinit$$00000034          0x00000146   Section        0  libinit2.o(.ARM.Collect$$libinit$$00000034)
    .ARM.Collect$$libinit$$00000035          0x00000146   Section        2  libinit2.o(.ARM.Collect$$libinit$$00000035)
    .ARM.Collect$$libshutdown$$00000000      0x00000148   Section        2  libshutdown.o(.ARM.Collect$$libshutdown$$00000000)
    .ARM.Collect$$libshutdown$$00000002      0x0000014a   Section        0  libshutdown2.o(.ARM.Collect$$libshutdown$$00000002)
    .ARM.Collect$$libshutdown$$00000004      0x0000014a   Section        0  libshutdown2.o(.ARM.Collect$$libshutdown$$00000004)
    .ARM.Collect$$libshutdown$$00000007      0x0000014a   Section        0  libshutdown2.o(.ARM.Collect$$libshutdown$$00000007)
    .ARM.Collect$$libshutdown$$0000000A      0x0000014a   Section        0  libshutdown2.o(.ARM.Collect$$libshutdown$$0000000A)
    .ARM.Collect$$libshutdown$$0000000C      0x0000014a   Section        0  libshutdown2.o(.ARM.Collect$$libshutdown$$0000000C)
    .ARM.Collect$$libshutdown$$0000000F      0x0000014a   Section        0  libshutdown2.o(.ARM.Collect$$libshutdown$$0000000F)
    .ARM.Collect$$libshutdown$$00000010      0x0000014a   Section        2  libshutdown2.o(.ARM.Collect$$libshutdown$$00000010)
    .ARM.Collect$$rtentry$$00000000          0x0000014c   Section        0  __rtentry.o(.ARM.Collect$$rtentry$$00000000)
    .ARM.Collect$$rtentry$$00000002          0x0000014c   Section        0  __rtentry2.o(.ARM.Collect$$rtentry$$00000002)
    .ARM.Collect$$rtentry$$00000004          0x0000014c   Section        6  __rtentry4.o(.ARM.Collect$$rtentry$$00000004)
    .ARM.Collect$$rtentry$$00000009          0x00000152   Section        0  __rtentry2.o(.ARM.Collect$$rtentry$$00000009)
    .ARM.Collect$$rtentry$$0000000A          0x00000152   Section        4  __rtentry2.o(.ARM.Collect$$rtentry$$0000000A)
    .ARM.Collect$$rtentry$$0000000C          0x00000156   Section        0  __rtentry2.o(.ARM.Collect$$rtentry$$0000000C)
    .ARM.Collect$$rtentry$$0000000D          0x00000156   Section        8  __rtentry2.o(.ARM.Collect$$rtentry$$0000000D)
    .ARM.Collect$$rtexit$$00000000           0x0000015e   Section        2  rtexit.o(.ARM.Collect$$rtexit$$00000000)
    .ARM.Collect$$rtexit$$00000002           0x00000160   Section        0  rtexit2.o(.ARM.Collect$$rtexit$$00000002)
    .ARM.Collect$$rtexit$$00000003           0x00000160   Section        4  rtexit2.o(.ARM.Collect$$rtexit$$00000003)
    .ARM.Collect$$rtexit$$00000004           0x00000164   Section        6  rtexit2.o(.ARM.Collect$$rtexit$$00000004)
    .text                                    0x0000016c   Section       44  startup_mspm0g350x_uvision.o(.text)
    .text                                    0x00000198   Section        0  heapauxi.o(.text)
    .text                                    0x0000019e   Section       62  sys_stackheap_outer.o(.text)
    .text                                    0x000001dc   Section        0  exit.o(.text)
    .text                                    0x000001ec   Section        8  libspace.o(.text)
    .text                                    0x000001f4   Section        0  sys_exit.o(.text)
    .text                                    0x00000200   Section        2  use_no_semi.o(.text)
    [Anonymous Symbol]                       0x00000202   Section        0  dl_common.o(.text.DL_Common_delayCycles)
    .text                                    0x00000202   Section        0  indicate_semi.o(.text)
    [Anonymous Symbol]                       0x0000020c   Section        0  dl_i2c.o(.text.DL_I2C_setClockConfig)
    [Anonymous Symbol]                       0x00000234   Section        0  dl_timer.o(.text.DL_TimerA_initPWMMode)
    __arm_cp.39_0                            0x000002ac   Number         4  dl_timer.o(.text.DL_TimerA_initPWMMode)
    __arm_cp.39_1                            0x000002b0   Number         4  dl_timer.o(.text.DL_TimerA_initPWMMode)
    __arm_cp.39_2                            0x000002b4   Number         4  dl_timer.o(.text.DL_TimerA_initPWMMode)
    [Anonymous Symbol]                       0x000002b8   Section        0  dl_timer.o(.text.DL_Timer_initPWMMode)
    __arm_cp.11_0                            0x00000374   Number         4  dl_timer.o(.text.DL_Timer_initPWMMode)
    __arm_cp.11_4                            0x00000378   Number         4  dl_timer.o(.text.DL_Timer_initPWMMode)
    __arm_cp.11_5                            0x0000037c   Number         4  dl_timer.o(.text.DL_Timer_initPWMMode)
    __arm_cp.11_6                            0x00000380   Number         4  dl_timer.o(.text.DL_Timer_initPWMMode)
    __arm_cp.11_7                            0x00000384   Number         4  dl_timer.o(.text.DL_Timer_initPWMMode)
    __arm_cp.11_9                            0x00000388   Number         4  dl_timer.o(.text.DL_Timer_initPWMMode)
    [Anonymous Symbol]                       0x0000038c   Section        0  dl_timer.o(.text.DL_Timer_initTimerMode)
    __arm_cp.2_0                             0x0000046c   Number         4  dl_timer.o(.text.DL_Timer_initTimerMode)
    __arm_cp.2_2                             0x00000470   Number         4  dl_timer.o(.text.DL_Timer_initTimerMode)
    __arm_cp.2_3                             0x00000474   Number         4  dl_timer.o(.text.DL_Timer_initTimerMode)
    [Anonymous Symbol]                       0x00000478   Section        0  dl_timer.o(.text.DL_Timer_setCaptCompUpdateMethod)
    __arm_cp.26_0                            0x00000490   Number         4  dl_timer.o(.text.DL_Timer_setCaptCompUpdateMethod)
    [Anonymous Symbol]                       0x00000494   Section        0  dl_timer.o(.text.DL_Timer_setCaptureCompareOutCtl)
    __arm_cp.13_0                            0x000004a8   Number         4  dl_timer.o(.text.DL_Timer_setCaptureCompareOutCtl)
    [Anonymous Symbol]                       0x000004ac   Section        0  dl_timer.o(.text.DL_Timer_setCaptureCompareValue)
    __arm_cp.3_0                             0x000004b8   Number         4  dl_timer.o(.text.DL_Timer_setCaptureCompareValue)
    [Anonymous Symbol]                       0x000004bc   Section        0  dl_timer.o(.text.DL_Timer_setClockConfig)
    __arm_cp.0_0                             0x000004d4   Number         4  dl_timer.o(.text.DL_Timer_setClockConfig)
    [Anonymous Symbol]                       0x000004d8   Section        0  ti_msp_dl_config.o(.text.SYSCFG_DL_GPIO_init)
    __arm_cp.2_0                             0x00000558   Number         4  ti_msp_dl_config.o(.text.SYSCFG_DL_GPIO_init)
    __arm_cp.2_1                             0x0000055c   Number         4  ti_msp_dl_config.o(.text.SYSCFG_DL_GPIO_init)
    __arm_cp.2_2                             0x00000560   Number         4  ti_msp_dl_config.o(.text.SYSCFG_DL_GPIO_init)
    __arm_cp.2_3                             0x00000564   Number         4  ti_msp_dl_config.o(.text.SYSCFG_DL_GPIO_init)
    __arm_cp.2_4                             0x00000568   Number         4  ti_msp_dl_config.o(.text.SYSCFG_DL_GPIO_init)
    [Anonymous Symbol]                       0x0000056c   Section        0  ti_msp_dl_config.o(.text.SYSCFG_DL_I2C_0_init)
    __arm_cp.9_0                             0x000005b4   Number         4  ti_msp_dl_config.o(.text.SYSCFG_DL_I2C_0_init)
    __arm_cp.9_1                             0x000005b8   Number         4  ti_msp_dl_config.o(.text.SYSCFG_DL_I2C_0_init)
    __arm_cp.9_2                             0x000005bc   Number         4  ti_msp_dl_config.o(.text.SYSCFG_DL_I2C_0_init)
    [Anonymous Symbol]                       0x000005c0   Section        0  ti_msp_dl_config.o(.text.SYSCFG_DL_PWM_A_init)
    __arm_cp.4_1                             0x00000630   Number         4  ti_msp_dl_config.o(.text.SYSCFG_DL_PWM_A_init)
    __arm_cp.4_2                             0x00000634   Number         4  ti_msp_dl_config.o(.text.SYSCFG_DL_PWM_A_init)
    __arm_cp.4_3                             0x00000638   Number         4  ti_msp_dl_config.o(.text.SYSCFG_DL_PWM_A_init)
    [Anonymous Symbol]                       0x0000063c   Section        0  ti_msp_dl_config.o(.text.SYSCFG_DL_PWM_B_init)
    __arm_cp.5_1                             0x000006ac   Number         4  ti_msp_dl_config.o(.text.SYSCFG_DL_PWM_B_init)
    __arm_cp.5_2                             0x000006b0   Number         4  ti_msp_dl_config.o(.text.SYSCFG_DL_PWM_B_init)
    __arm_cp.5_3                             0x000006b4   Number         4  ti_msp_dl_config.o(.text.SYSCFG_DL_PWM_B_init)
    [Anonymous Symbol]                       0x000006b8   Section        0  ti_msp_dl_config.o(.text.SYSCFG_DL_PWM_C_init)
    __arm_cp.6_1                             0x00000728   Number         4  ti_msp_dl_config.o(.text.SYSCFG_DL_PWM_C_init)
    __arm_cp.6_2                             0x0000072c   Number         4  ti_msp_dl_config.o(.text.SYSCFG_DL_PWM_C_init)
    __arm_cp.6_3                             0x00000730   Number         4  ti_msp_dl_config.o(.text.SYSCFG_DL_PWM_C_init)
    [Anonymous Symbol]                       0x00000734   Section        0  ti_msp_dl_config.o(.text.SYSCFG_DL_PWM_D_init)
    __arm_cp.7_1                             0x000007a4   Number         4  ti_msp_dl_config.o(.text.SYSCFG_DL_PWM_D_init)
    __arm_cp.7_2                             0x000007a8   Number         4  ti_msp_dl_config.o(.text.SYSCFG_DL_PWM_D_init)
    __arm_cp.7_3                             0x000007ac   Number         4  ti_msp_dl_config.o(.text.SYSCFG_DL_PWM_D_init)
    [Anonymous Symbol]                       0x000007b0   Section        0  ti_msp_dl_config.o(.text.SYSCFG_DL_SYSCTL_init)
    __arm_cp.3_0                             0x000007c4   Number         4  ti_msp_dl_config.o(.text.SYSCFG_DL_SYSCTL_init)
    __arm_cp.3_1                             0x000007c8   Number         4  ti_msp_dl_config.o(.text.SYSCFG_DL_SYSCTL_init)
    [Anonymous Symbol]                       0x000007cc   Section        0  ti_msp_dl_config.o(.text.SYSCFG_DL_TIMER_0_init)
    __arm_cp.8_0                             0x000007f0   Number         4  ti_msp_dl_config.o(.text.SYSCFG_DL_TIMER_0_init)
    __arm_cp.8_1                             0x000007f4   Number         4  ti_msp_dl_config.o(.text.SYSCFG_DL_TIMER_0_init)
    __arm_cp.8_2                             0x000007f8   Number         4  ti_msp_dl_config.o(.text.SYSCFG_DL_TIMER_0_init)
    __arm_cp.8_3                             0x000007fc   Number         4  ti_msp_dl_config.o(.text.SYSCFG_DL_TIMER_0_init)
    __arm_cp.8_4                             0x00000800   Number         4  ti_msp_dl_config.o(.text.SYSCFG_DL_TIMER_0_init)
    [Anonymous Symbol]                       0x00000804   Section        0  ti_msp_dl_config.o(.text.SYSCFG_DL_init)
    __arm_cp.0_0                             0x00000844   Number         4  ti_msp_dl_config.o(.text.SYSCFG_DL_init)
    __arm_cp.0_1                             0x00000848   Number         4  ti_msp_dl_config.o(.text.SYSCFG_DL_init)
    __arm_cp.0_2                             0x0000084c   Number         4  ti_msp_dl_config.o(.text.SYSCFG_DL_init)
    __arm_cp.0_3                             0x00000850   Number         4  ti_msp_dl_config.o(.text.SYSCFG_DL_init)
    [Anonymous Symbol]                       0x00000854   Section        0  ti_msp_dl_config.o(.text.SYSCFG_DL_initPower)
    __arm_cp.1_0                             0x0000089c   Number         4  ti_msp_dl_config.o(.text.SYSCFG_DL_initPower)
    __arm_cp.1_1                             0x000008a0   Number         4  ti_msp_dl_config.o(.text.SYSCFG_DL_initPower)
    __arm_cp.1_2                             0x000008a4   Number         4  ti_msp_dl_config.o(.text.SYSCFG_DL_initPower)
    __arm_cp.1_3                             0x000008a8   Number         4  ti_msp_dl_config.o(.text.SYSCFG_DL_initPower)
    __arm_cp.1_4                             0x000008ac   Number         4  ti_msp_dl_config.o(.text.SYSCFG_DL_initPower)
    __arm_cp.1_5                             0x000008b0   Number         4  ti_msp_dl_config.o(.text.SYSCFG_DL_initPower)
    __arm_cp.1_6                             0x000008b4   Number         4  ti_msp_dl_config.o(.text.SYSCFG_DL_initPower)
    __arm_cp.1_7                             0x000008b8   Number         4  ti_msp_dl_config.o(.text.SYSCFG_DL_initPower)
    __arm_cp.1_8                             0x000008bc   Number         4  ti_msp_dl_config.o(.text.SYSCFG_DL_initPower)
    __arm_cp.1_9                             0x000008c0   Number         4  ti_msp_dl_config.o(.text.SYSCFG_DL_initPower)
    [Anonymous Symbol]                       0x000008c4   Section        0  main.o(.text.TIMG0_IRQHandler)
    __arm_cp.1_0                             0x000008d8   Number         4  main.o(.text.TIMG0_IRQHandler)
    __arm_cp.1_1                             0x000008dc   Number         4  main.o(.text.TIMG0_IRQHandler)
    [Anonymous Symbol]                       0x000008e0   Section        0  main.o(.text.main)
    __arm_cp.0_0                             0x00000964   Number         4  main.o(.text.main)
    __arm_cp.0_1                             0x00000968   Number         4  main.o(.text.main)
    __arm_cp.0_2                             0x0000096c   Number         4  main.o(.text.main)
    __arm_cp.0_3                             0x00000970   Number         4  main.o(.text.main)
    __arm_cp.0_4                             0x00000974   Number         4  main.o(.text.main)
    __arm_cp.0_5                             0x00000978   Number         4  main.o(.text.main)
    __arm_cp.0_6                             0x0000097c   Number         4  main.o(.text.main)
    __arm_cp.0_7                             0x00000980   Number         4  main.o(.text.main)
    __arm_cp.0_8                             0x00000984   Number         4  main.o(.text.main)
    __arm_cp.0_9                             0x00000988   Number         4  main.o(.text.main)
    __arm_cp.0_10                            0x0000098c   Number         4  main.o(.text.main)
    gI2C_0ClockConfig                        0x00000990   Data           2  ti_msp_dl_config.o(.rodata.gI2C_0ClockConfig)
    [Anonymous Symbol]                       0x00000990   Section        0  ti_msp_dl_config.o(.rodata.gI2C_0ClockConfig)
    gPWM_AClockConfig                        0x00000992   Data           3  ti_msp_dl_config.o(.rodata.gPWM_AClockConfig)
    [Anonymous Symbol]                       0x00000992   Section        0  ti_msp_dl_config.o(.rodata.gPWM_AClockConfig)
    gPWM_AConfig                             0x00000998   Data           8  ti_msp_dl_config.o(.rodata.gPWM_AConfig)
    [Anonymous Symbol]                       0x00000998   Section        0  ti_msp_dl_config.o(.rodata.gPWM_AConfig)
    gPWM_BClockConfig                        0x000009a0   Data           3  ti_msp_dl_config.o(.rodata.gPWM_BClockConfig)
    [Anonymous Symbol]                       0x000009a0   Section        0  ti_msp_dl_config.o(.rodata.gPWM_BClockConfig)
    gPWM_BConfig                             0x000009a4   Data           8  ti_msp_dl_config.o(.rodata.gPWM_BConfig)
    [Anonymous Symbol]                       0x000009a4   Section        0  ti_msp_dl_config.o(.rodata.gPWM_BConfig)
    gPWM_CClockConfig                        0x000009ac   Data           3  ti_msp_dl_config.o(.rodata.gPWM_CClockConfig)
    [Anonymous Symbol]                       0x000009ac   Section        0  ti_msp_dl_config.o(.rodata.gPWM_CClockConfig)
    gPWM_CConfig                             0x000009b0   Data           8  ti_msp_dl_config.o(.rodata.gPWM_CConfig)
    [Anonymous Symbol]                       0x000009b0   Section        0  ti_msp_dl_config.o(.rodata.gPWM_CConfig)
    gPWM_DClockConfig                        0x000009b8   Data           3  ti_msp_dl_config.o(.rodata.gPWM_DClockConfig)
    [Anonymous Symbol]                       0x000009b8   Section        0  ti_msp_dl_config.o(.rodata.gPWM_DClockConfig)
    gPWM_DConfig                             0x000009bc   Data           8  ti_msp_dl_config.o(.rodata.gPWM_DConfig)
    [Anonymous Symbol]                       0x000009bc   Section        0  ti_msp_dl_config.o(.rodata.gPWM_DConfig)
    gTIMER_0ClockConfig                      0x000009c4   Data           3  ti_msp_dl_config.o(.rodata.gTIMER_0ClockConfig)
    [Anonymous Symbol]                       0x000009c4   Section        0  ti_msp_dl_config.o(.rodata.gTIMER_0ClockConfig)
    gTIMER_0TimerConfig                      0x000009c8   Data          20  ti_msp_dl_config.o(.rodata.gTIMER_0TimerConfig)
    [Anonymous Symbol]                       0x000009c8   Section        0  ti_msp_dl_config.o(.rodata.gTIMER_0TimerConfig)
    .bss                                     0x20200000   Section       96  libspace.o(.bss)
    Heap_Mem                                 0x202002c8   Data           0  startup_mspm0g350x_uvision.o(HEAP)
    Stack_Mem                                0x202002c8   Data         256  startup_mspm0g350x_uvision.o(STACK)
    HEAP                                     0x202002c8   Section        0  startup_mspm0g350x_uvision.o(HEAP)
    STACK                                    0x202002c8   Section      256  startup_mspm0g350x_uvision.o(STACK)
    __initial_sp                             0x202003c8   Data           0  startup_mspm0g350x_uvision.o(STACK)

    Global Symbols

    Symbol Name                              Value     Ov Type        Size  Object(Section)

    BuildAttributes$$THM_ISAv3M$S$PE$A:L22$X:L11$S22$IEEE1$IW$~IW$USESV6$~STKCKD$USESV7$~SHL$OTIME$ROPI$EBA8$UX$STANDARDLIB$REQ8$PRES8$EABIv2 0x00000000   Number         0  anon$$obj.o ABSOLUTE
    __Vectors                                0x00000000   Data           4  startup_mspm0g350x_uvision.o(RESET)
    __ARM_exceptions_init                     - Undefined Weak Reference
    __alloca_initialize                       - Undefined Weak Reference
    __arm_preinit_                            - Undefined Weak Reference
    __arm_relocate_pie_                       - Undefined Weak Reference
    __cpp_initialize__aeabi_                  - Undefined Weak Reference
    __cxa_finalize                            - Undefined Weak Reference
    __rt_locale                               - Undefined Weak Reference
    __sigvec_lookup                           - Undefined Weak Reference
    _atexit_init                              - Undefined Weak Reference
    _call_atexit_fns                          - Undefined Weak Reference
    _clock_init                               - Undefined Weak Reference
    _fp_trap_init                             - Undefined Weak Reference
    _fp_trap_shutdown                         - Undefined Weak Reference
    _get_lc_collate                           - Undefined Weak Reference
    _get_lc_ctype                             - Undefined Weak Reference
    _get_lc_monetary                          - Undefined Weak Reference
    _get_lc_numeric                           - Undefined Weak Reference
    _get_lc_time                              - Undefined Weak Reference
    _getenv_init                              - Undefined Weak Reference
    _handle_redirection                       - Undefined Weak Reference
    _init_alloc                               - Undefined Weak Reference
    _init_user_alloc                          - Undefined Weak Reference
    _initio                                   - Undefined Weak Reference
    _rand_init                                - Undefined Weak Reference
    _signal_finish                            - Undefined Weak Reference
    _signal_init                              - Undefined Weak Reference
    _terminate_alloc                          - Undefined Weak Reference
    _terminate_user_alloc                     - Undefined Weak Reference
    _terminateio                              - Undefined Weak Reference
    __Vectors_End                            0x000000c0   Data           0  startup_mspm0g350x_uvision.o(RESET)
    __Vectors_Size                           0x000000c0   Number         0  startup_mspm0g350x_uvision.o ABSOLUTE
    __main                                   0x000000c1   Thumb Code     8  __main.o(!!!main)
    __scatterload                            0x000000c9   Thumb Code     0  __scatter.o(!!!scatter)
    __scatterload_rt2                        0x000000c9   Thumb Code    74  __scatter.o(!!!scatter)
    __scatterload_rt2_thumb_only             0x000000c9   Thumb Code     0  __scatter.o(!!!scatter)
    __scatterload_loop                       0x000000d3   Thumb Code     0  __scatter.o(!!!scatter)
    __scatterload_null                       0x00000121   Thumb Code     2  __scatter.o(!!handler_null)
    __scatterload_zeroinit                   0x00000129   Thumb Code    28  __scatter_zi.o(!!handler_zi)
    __rt_lib_init                            0x00000145   Thumb Code     0  libinit.o(.ARM.Collect$$libinit$$00000000)
    __rt_lib_init_alloca_1                   0x00000147   Thumb Code     0  libinit2.o(.ARM.Collect$$libinit$$00000030)
    __rt_lib_init_argv_1                     0x00000147   Thumb Code     0  libinit2.o(.ARM.Collect$$libinit$$0000002E)
    __rt_lib_init_atexit_1                   0x00000147   Thumb Code     0  libinit2.o(.ARM.Collect$$libinit$$0000001D)
    __rt_lib_init_clock_1                    0x00000147   Thumb Code     0  libinit2.o(.ARM.Collect$$libinit$$00000023)
    __rt_lib_init_cpp_1                      0x00000147   Thumb Code     0  libinit2.o(.ARM.Collect$$libinit$$00000034)
    __rt_lib_init_exceptions_1               0x00000147   Thumb Code     0  libinit2.o(.ARM.Collect$$libinit$$00000032)
    __rt_lib_init_fp_1                       0x00000147   Thumb Code     0  libinit2.o(.ARM.Collect$$libinit$$00000002)
    __rt_lib_init_fp_trap_1                  0x00000147   Thumb Code     0  libinit2.o(.ARM.Collect$$libinit$$00000021)
    __rt_lib_init_getenv_1                   0x00000147   Thumb Code     0  libinit2.o(.ARM.Collect$$libinit$$00000025)
    __rt_lib_init_heap_1                     0x00000147   Thumb Code     0  libinit2.o(.ARM.Collect$$libinit$$0000000C)
    __rt_lib_init_lc_collate_1               0x00000147   Thumb Code     0  libinit2.o(.ARM.Collect$$libinit$$00000013)
    __rt_lib_init_lc_ctype_1                 0x00000147   Thumb Code     0  libinit2.o(.ARM.Collect$$libinit$$00000015)
    __rt_lib_init_lc_monetary_1              0x00000147   Thumb Code     0  libinit2.o(.ARM.Collect$$libinit$$00000017)
    __rt_lib_init_lc_numeric_1               0x00000147   Thumb Code     0  libinit2.o(.ARM.Collect$$libinit$$00000019)
    __rt_lib_init_lc_time_1                  0x00000147   Thumb Code     0  libinit2.o(.ARM.Collect$$libinit$$0000001B)
    __rt_lib_init_preinit_1                  0x00000147   Thumb Code     0  libinit2.o(.ARM.Collect$$libinit$$00000006)
    __rt_lib_init_rand_1                     0x00000147   Thumb Code     0  libinit2.o(.ARM.Collect$$libinit$$00000010)
    __rt_lib_init_relocate_pie_1             0x00000147   Thumb Code     0  libinit2.o(.ARM.Collect$$libinit$$00000004)
    __rt_lib_init_return                     0x00000147   Thumb Code     0  libinit2.o(.ARM.Collect$$libinit$$00000035)
    __rt_lib_init_signal_1                   0x00000147   Thumb Code     0  libinit2.o(.ARM.Collect$$libinit$$0000001F)
    __rt_lib_init_stdio_1                    0x00000147   Thumb Code     0  libinit2.o(.ARM.Collect$$libinit$$00000027)
    __rt_lib_init_user_alloc_1               0x00000147   Thumb Code     0  libinit2.o(.ARM.Collect$$libinit$$0000000E)
    __rt_lib_shutdown                        0x00000149   Thumb Code     0  libshutdown.o(.ARM.Collect$$libshutdown$$00000000)
    __rt_lib_shutdown_cpp_1                  0x0000014b   Thumb Code     0  libshutdown2.o(.ARM.Collect$$libshutdown$$00000002)
    __rt_lib_shutdown_fp_trap_1              0x0000014b   Thumb Code     0  libshutdown2.o(.ARM.Collect$$libshutdown$$00000007)
    __rt_lib_shutdown_heap_1                 0x0000014b   Thumb Code     0  libshutdown2.o(.ARM.Collect$$libshutdown$$0000000F)
    __rt_lib_shutdown_return                 0x0000014b   Thumb Code     0  libshutdown2.o(.ARM.Collect$$libshutdown$$00000010)
    __rt_lib_shutdown_signal_1               0x0000014b   Thumb Code     0  libshutdown2.o(.ARM.Collect$$libshutdown$$0000000A)
    __rt_lib_shutdown_stdio_1                0x0000014b   Thumb Code     0  libshutdown2.o(.ARM.Collect$$libshutdown$$00000004)
    __rt_lib_shutdown_user_alloc_1           0x0000014b   Thumb Code     0  libshutdown2.o(.ARM.Collect$$libshutdown$$0000000C)
    __rt_entry                               0x0000014d   Thumb Code     0  __rtentry.o(.ARM.Collect$$rtentry$$00000000)
    __rt_entry_presh_1                       0x0000014d   Thumb Code     0  __rtentry2.o(.ARM.Collect$$rtentry$$00000002)
    __rt_entry_sh                            0x0000014d   Thumb Code     0  __rtentry4.o(.ARM.Collect$$rtentry$$00000004)
    __rt_entry_li                            0x00000153   Thumb Code     0  __rtentry2.o(.ARM.Collect$$rtentry$$0000000A)
    __rt_entry_postsh_1                      0x00000153   Thumb Code     0  __rtentry2.o(.ARM.Collect$$rtentry$$00000009)
    __rt_entry_main                          0x00000157   Thumb Code     0  __rtentry2.o(.ARM.Collect$$rtentry$$0000000D)
    __rt_entry_postli_1                      0x00000157   Thumb Code     0  __rtentry2.o(.ARM.Collect$$rtentry$$0000000C)
    __rt_exit                                0x0000015f   Thumb Code     0  rtexit.o(.ARM.Collect$$rtexit$$00000000)
    __rt_exit_ls                             0x00000161   Thumb Code     0  rtexit2.o(.ARM.Collect$$rtexit$$00000003)
    __rt_exit_prels_1                        0x00000161   Thumb Code     0  rtexit2.o(.ARM.Collect$$rtexit$$00000002)
    __rt_exit_exit                           0x00000165   Thumb Code     0  rtexit2.o(.ARM.Collect$$rtexit$$00000004)
    Reset_Handler                            0x0000016d   Thumb Code     4  startup_mspm0g350x_uvision.o(.text)
    NMI_Handler                              0x00000171   Thumb Code     2  startup_mspm0g350x_uvision.o(.text)
    HardFault_Handler                        0x00000173   Thumb Code     2  startup_mspm0g350x_uvision.o(.text)
    SVC_Handler                              0x00000175   Thumb Code     2  startup_mspm0g350x_uvision.o(.text)
    PendSV_Handler                           0x00000177   Thumb Code     2  startup_mspm0g350x_uvision.o(.text)
    SysTick_Handler                          0x00000179   Thumb Code     2  startup_mspm0g350x_uvision.o(.text)
    ADC0_IRQHandler                          0x0000017b   Thumb Code     0  startup_mspm0g350x_uvision.o(.text)
    ADC1_IRQHandler                          0x0000017b   Thumb Code     0  startup_mspm0g350x_uvision.o(.text)
    AES_IRQHandler                           0x0000017b   Thumb Code     0  startup_mspm0g350x_uvision.o(.text)
    CANFD0_IRQHandler                        0x0000017b   Thumb Code     0  startup_mspm0g350x_uvision.o(.text)
    DAC0_IRQHandler                          0x0000017b   Thumb Code     0  startup_mspm0g350x_uvision.o(.text)
    DMA_IRQHandler                           0x0000017b   Thumb Code     0  startup_mspm0g350x_uvision.o(.text)
    Default_Handler                          0x0000017b   Thumb Code     2  startup_mspm0g350x_uvision.o(.text)
    GROUP0_IRQHandler                        0x0000017b   Thumb Code     0  startup_mspm0g350x_uvision.o(.text)
    GROUP1_IRQHandler                        0x0000017b   Thumb Code     0  startup_mspm0g350x_uvision.o(.text)
    I2C0_IRQHandler                          0x0000017b   Thumb Code     0  startup_mspm0g350x_uvision.o(.text)
    I2C1_IRQHandler                          0x0000017b   Thumb Code     0  startup_mspm0g350x_uvision.o(.text)
    RTC_IRQHandler                           0x0000017b   Thumb Code     0  startup_mspm0g350x_uvision.o(.text)
    SPI0_IRQHandler                          0x0000017b   Thumb Code     0  startup_mspm0g350x_uvision.o(.text)
    SPI1_IRQHandler                          0x0000017b   Thumb Code     0  startup_mspm0g350x_uvision.o(.text)
    TIMA0_IRQHandler                         0x0000017b   Thumb Code     0  startup_mspm0g350x_uvision.o(.text)
    TIMA1_IRQHandler                         0x0000017b   Thumb Code     0  startup_mspm0g350x_uvision.o(.text)
    TIMG12_IRQHandler                        0x0000017b   Thumb Code     0  startup_mspm0g350x_uvision.o(.text)
    TIMG6_IRQHandler                         0x0000017b   Thumb Code     0  startup_mspm0g350x_uvision.o(.text)
    TIMG7_IRQHandler                         0x0000017b   Thumb Code     0  startup_mspm0g350x_uvision.o(.text)
    TIMG8_IRQHandler                         0x0000017b   Thumb Code     0  startup_mspm0g350x_uvision.o(.text)
    UART0_IRQHandler                         0x0000017b   Thumb Code     0  startup_mspm0g350x_uvision.o(.text)
    UART1_IRQHandler                         0x0000017b   Thumb Code     0  startup_mspm0g350x_uvision.o(.text)
    UART2_IRQHandler                         0x0000017b   Thumb Code     0  startup_mspm0g350x_uvision.o(.text)
    UART3_IRQHandler                         0x0000017b   Thumb Code     0  startup_mspm0g350x_uvision.o(.text)
    __user_initial_stackheap                 0x0000017d   Thumb Code    10  startup_mspm0g350x_uvision.o(.text)
    __use_two_region_memory                  0x00000199   Thumb Code     2  heapauxi.o(.text)
    __rt_heap_escrow$2region                 0x0000019b   Thumb Code     2  heapauxi.o(.text)
    __rt_heap_expand$2region                 0x0000019d   Thumb Code     2  heapauxi.o(.text)
    __user_setup_stackheap                   0x0000019f   Thumb Code    62  sys_stackheap_outer.o(.text)
    exit                                     0x000001dd   Thumb Code    16  exit.o(.text)
    __user_libspace                          0x000001ed   Thumb Code     8  libspace.o(.text)
    __user_perproc_libspace                  0x000001ed   Thumb Code     0  libspace.o(.text)
    __user_perthread_libspace                0x000001ed   Thumb Code     0  libspace.o(.text)
    _sys_exit                                0x000001f5   Thumb Code     8  sys_exit.o(.text)
    __I$use$semihosting                      0x00000201   Thumb Code     0  use_no_semi.o(.text)
    __use_no_semihosting_swi                 0x00000201   Thumb Code     2  use_no_semi.o(.text)
    DL_Common_delayCycles                    0x00000203   Thumb Code    10  dl_common.o(.text.DL_Common_delayCycles)
    __semihosting_library_function           0x00000203   Thumb Code     0  indicate_semi.o(.text)
    DL_I2C_setClockConfig                    0x0000020d   Thumb Code    38  dl_i2c.o(.text.DL_I2C_setClockConfig)
    DL_TimerA_initPWMMode                    0x00000235   Thumb Code   120  dl_timer.o(.text.DL_TimerA_initPWMMode)
    DL_Timer_initPWMMode                     0x000002b9   Thumb Code   188  dl_timer.o(.text.DL_Timer_initPWMMode)
    DL_Timer_initTimerMode                   0x0000038d   Thumb Code   224  dl_timer.o(.text.DL_Timer_initTimerMode)
    DL_Timer_setCaptCompUpdateMethod         0x00000479   Thumb Code    24  dl_timer.o(.text.DL_Timer_setCaptCompUpdateMethod)
    DL_Timer_setCaptureCompareOutCtl         0x00000495   Thumb Code    20  dl_timer.o(.text.DL_Timer_setCaptureCompareOutCtl)
    DL_Timer_setCaptureCompareValue          0x000004ad   Thumb Code    12  dl_timer.o(.text.DL_Timer_setCaptureCompareValue)
    DL_Timer_setClockConfig                  0x000004bd   Thumb Code    24  dl_timer.o(.text.DL_Timer_setClockConfig)
    SYSCFG_DL_GPIO_init                      0x000004d9   Thumb Code   128  ti_msp_dl_config.o(.text.SYSCFG_DL_GPIO_init)
    SYSCFG_DL_I2C_0_init                     0x0000056d   Thumb Code    72  ti_msp_dl_config.o(.text.SYSCFG_DL_I2C_0_init)
    SYSCFG_DL_PWM_A_init                     0x000005c1   Thumb Code   112  ti_msp_dl_config.o(.text.SYSCFG_DL_PWM_A_init)
    SYSCFG_DL_PWM_B_init                     0x0000063d   Thumb Code   112  ti_msp_dl_config.o(.text.SYSCFG_DL_PWM_B_init)
    SYSCFG_DL_PWM_C_init                     0x000006b9   Thumb Code   112  ti_msp_dl_config.o(.text.SYSCFG_DL_PWM_C_init)
    SYSCFG_DL_PWM_D_init                     0x00000735   Thumb Code   112  ti_msp_dl_config.o(.text.SYSCFG_DL_PWM_D_init)
    SYSCFG_DL_SYSCTL_init                    0x000007b1   Thumb Code    20  ti_msp_dl_config.o(.text.SYSCFG_DL_SYSCTL_init)
    SYSCFG_DL_TIMER_0_init                   0x000007cd   Thumb Code    36  ti_msp_dl_config.o(.text.SYSCFG_DL_TIMER_0_init)
    SYSCFG_DL_init                           0x00000805   Thumb Code    64  ti_msp_dl_config.o(.text.SYSCFG_DL_init)
    SYSCFG_DL_initPower                      0x00000855   Thumb Code    72  ti_msp_dl_config.o(.text.SYSCFG_DL_initPower)
    TIMG0_IRQHandler                         0x000008c5   Thumb Code    20  main.o(.text.TIMG0_IRQHandler)
    main                                     0x000008e1   Thumb Code   132  main.o(.text.main)
    Region$$Table$$Base                      0x000009e0   Number         0  anon$$obj.o(Region$$Table)
    Region$$Table$$Limit                     0x000009f0   Number         0  anon$$obj.o(Region$$Table)
    __libspace_start                         0x20200000   Data          96  libspace.o(.bss)
    __temporary_stack_top$libspace           0x20200060   Data           0  libspace.o(.bss)
    gPWM_ABackup                             0x20200060   Data         120  ti_msp_dl_config.o(.bss.gPWM_ABackup)
    gPWM_BBackup                             0x202000d8   Data         120  ti_msp_dl_config.o(.bss.gPWM_BBackup)
    gPWM_CBackup                             0x20200150   Data         188  ti_msp_dl_config.o(.bss.gPWM_CBackup)
    gPWM_DBackup                             0x2020020c   Data         188  ti_msp_dl_config.o(.bss.gPWM_DBackup)



==============================================================================

Memory Map of the image

  Image Entry point : 0x000000c1

  Load Region LR_IROM1 (Base: 0x00000000, Size: 0x000009f0, Max: 0x00020000, ABSOLUTE)

    Execution Region ER_IROM1 (Exec base: 0x00000000, Load base: 0x00000000, Size: 0x000009f0, Max: 0x00020000, ABSOLUTE)

    Exec Addr    Load Addr    Size         Type   Attr      Idx    E Section Name        Object

    0x00000000   0x00000000   0x000000c0   Data   RO         1020    RESET               startup_mspm0g350x_uvision.o
    0x000000c0   0x000000c0   0x00000008   Code   RO         1041  * !!!main             c_p.l(__main.o)
    0x000000c8   0x000000c8   0x00000054   Code   RO         1269    !!!scatter          c_p.l(__scatter.o)
    0x0000011c   0x0000011c   0x00000004   PAD
    0x00000120   0x00000120   0x00000002   Code   RO         1270    !!handler_null      c_p.l(__scatter.o)
    0x00000122   0x00000122   0x00000006   PAD
    0x00000128   0x00000128   0x0000001c   Code   RO         1273    !!handler_zi        c_p.l(__scatter_zi.o)
    0x00000144   0x00000144   0x00000002   Code   RO         1124    .ARM.Collect$$libinit$$00000000  c_p.l(libinit.o)
    0x00000146   0x00000146   0x00000000   Code   RO         1142    .ARM.Collect$$libinit$$00000002  c_p.l(libinit2.o)
    0x00000146   0x00000146   0x00000000   Code   RO         1144    .ARM.Collect$$libinit$$00000004  c_p.l(libinit2.o)
    0x00000146   0x00000146   0x00000000   Code   RO         1146    .ARM.Collect$$libinit$$00000006  c_p.l(libinit2.o)
    0x00000146   0x00000146   0x00000000   Code   RO         1149    .ARM.Collect$$libinit$$0000000C  c_p.l(libinit2.o)
    0x00000146   0x00000146   0x00000000   Code   RO         1151    .ARM.Collect$$libinit$$0000000E  c_p.l(libinit2.o)
    0x00000146   0x00000146   0x00000000   Code   RO         1153    .ARM.Collect$$libinit$$00000010  c_p.l(libinit2.o)
    0x00000146   0x00000146   0x00000000   Code   RO         1156    .ARM.Collect$$libinit$$00000013  c_p.l(libinit2.o)
    0x00000146   0x00000146   0x00000000   Code   RO         1158    .ARM.Collect$$libinit$$00000015  c_p.l(libinit2.o)
    0x00000146   0x00000146   0x00000000   Code   RO         1160    .ARM.Collect$$libinit$$00000017  c_p.l(libinit2.o)
    0x00000146   0x00000146   0x00000000   Code   RO         1162    .ARM.Collect$$libinit$$00000019  c_p.l(libinit2.o)
    0x00000146   0x00000146   0x00000000   Code   RO         1164    .ARM.Collect$$libinit$$0000001B  c_p.l(libinit2.o)
    0x00000146   0x00000146   0x00000000   Code   RO         1166    .ARM.Collect$$libinit$$0000001D  c_p.l(libinit2.o)
    0x00000146   0x00000146   0x00000000   Code   RO         1168    .ARM.Collect$$libinit$$0000001F  c_p.l(libinit2.o)
    0x00000146   0x00000146   0x00000000   Code   RO         1170    .ARM.Collect$$libinit$$00000021  c_p.l(libinit2.o)
    0x00000146   0x00000146   0x00000000   Code   RO         1172    .ARM.Collect$$libinit$$00000023  c_p.l(libinit2.o)
    0x00000146   0x00000146   0x00000000   Code   RO         1174    .ARM.Collect$$libinit$$00000025  c_p.l(libinit2.o)
    0x00000146   0x00000146   0x00000000   Code   RO         1176    .ARM.Collect$$libinit$$00000027  c_p.l(libinit2.o)
    0x00000146   0x00000146   0x00000000   Code   RO         1180    .ARM.Collect$$libinit$$0000002E  c_p.l(libinit2.o)
    0x00000146   0x00000146   0x00000000   Code   RO         1182    .ARM.Collect$$libinit$$00000030  c_p.l(libinit2.o)
    0x00000146   0x00000146   0x00000000   Code   RO         1184    .ARM.Collect$$libinit$$00000032  c_p.l(libinit2.o)
    0x00000146   0x00000146   0x00000000   Code   RO         1186    .ARM.Collect$$libinit$$00000034  c_p.l(libinit2.o)
    0x00000146   0x00000146   0x00000002   Code   RO         1187    .ARM.Collect$$libinit$$00000035  c_p.l(libinit2.o)
    0x00000148   0x00000148   0x00000002   Code   RO         1224    .ARM.Collect$$libshutdown$$00000000  c_p.l(libshutdown.o)
    0x0000014a   0x0000014a   0x00000000   Code   RO         1252    .ARM.Collect$$libshutdown$$00000002  c_p.l(libshutdown2.o)
    0x0000014a   0x0000014a   0x00000000   Code   RO         1254    .ARM.Collect$$libshutdown$$00000004  c_p.l(libshutdown2.o)
    0x0000014a   0x0000014a   0x00000000   Code   RO         1257    .ARM.Collect$$libshutdown$$00000007  c_p.l(libshutdown2.o)
    0x0000014a   0x0000014a   0x00000000   Code   RO         1260    .ARM.Collect$$libshutdown$$0000000A  c_p.l(libshutdown2.o)
    0x0000014a   0x0000014a   0x00000000   Code   RO         1262    .ARM.Collect$$libshutdown$$0000000C  c_p.l(libshutdown2.o)
    0x0000014a   0x0000014a   0x00000000   Code   RO         1265    .ARM.Collect$$libshutdown$$0000000F  c_p.l(libshutdown2.o)
    0x0000014a   0x0000014a   0x00000002   Code   RO         1266    .ARM.Collect$$libshutdown$$00000010  c_p.l(libshutdown2.o)
    0x0000014c   0x0000014c   0x00000000   Code   RO         1079    .ARM.Collect$$rtentry$$00000000  c_p.l(__rtentry.o)
    0x0000014c   0x0000014c   0x00000000   Code   RO         1092    .ARM.Collect$$rtentry$$00000002  c_p.l(__rtentry2.o)
    0x0000014c   0x0000014c   0x00000006   Code   RO         1104    .ARM.Collect$$rtentry$$00000004  c_p.l(__rtentry4.o)
    0x00000152   0x00000152   0x00000000   Code   RO         1094    .ARM.Collect$$rtentry$$00000009  c_p.l(__rtentry2.o)
    0x00000152   0x00000152   0x00000004   Code   RO         1095    .ARM.Collect$$rtentry$$0000000A  c_p.l(__rtentry2.o)
    0x00000156   0x00000156   0x00000000   Code   RO         1097    .ARM.Collect$$rtentry$$0000000C  c_p.l(__rtentry2.o)
    0x00000156   0x00000156   0x00000008   Code   RO         1098    .ARM.Collect$$rtentry$$0000000D  c_p.l(__rtentry2.o)
    0x0000015e   0x0000015e   0x00000002   Code   RO         1133    .ARM.Collect$$rtexit$$00000000  c_p.l(rtexit.o)
    0x00000160   0x00000160   0x00000000   Code   RO         1195    .ARM.Collect$$rtexit$$00000002  c_p.l(rtexit2.o)
    0x00000160   0x00000160   0x00000004   Code   RO         1196    .ARM.Collect$$rtexit$$00000003  c_p.l(rtexit2.o)
    0x00000164   0x00000164   0x00000006   Code   RO         1197    .ARM.Collect$$rtexit$$00000004  c_p.l(rtexit2.o)
    0x0000016a   0x0000016a   0x00000002   PAD
    0x0000016c   0x0000016c   0x0000002c   Code   RO         1021    .text               startup_mspm0g350x_uvision.o
    0x00000198   0x00000198   0x00000006   Code   RO         1039    .text               c_p.l(heapauxi.o)
    0x0000019e   0x0000019e   0x0000003e   Code   RO         1110    .text               c_p.l(sys_stackheap_outer.o)
    0x000001dc   0x000001dc   0x00000010   Code   RO         1113    .text               c_p.l(exit.o)
    0x000001ec   0x000001ec   0x00000008   Code   RO         1129    .text               c_p.l(libspace.o)
    0x000001f4   0x000001f4   0x0000000c   Code   RO         1190    .text               c_p.l(sys_exit.o)
    0x00000200   0x00000200   0x00000002   Code   RO         1213    .text               c_p.l(use_no_semi.o)
    0x00000202   0x00000202   0x00000000   Code   RO         1215    .text               c_p.l(indicate_semi.o)
    0x00000202   0x00000202   0x0000000a   Code   RO           51    .text.DL_Common_delayCycles  dl_common.o
    0x0000020c   0x0000020c   0x00000026   Code   RO          267    .text.DL_I2C_setClockConfig  dl_i2c.o
    0x00000232   0x00000232   0x00000002   PAD
    0x00000234   0x00000234   0x00000084   Code   RO          643    .text.DL_TimerA_initPWMMode  dl_timer.o
    0x000002b8   0x000002b8   0x000000d4   Code   RO          587    .text.DL_Timer_initPWMMode  dl_timer.o
    0x0000038c   0x0000038c   0x000000ec   Code   RO          569    .text.DL_Timer_initTimerMode  dl_timer.o
    0x00000478   0x00000478   0x0000001c   Code   RO          617    .text.DL_Timer_setCaptCompUpdateMethod  dl_timer.o
    0x00000494   0x00000494   0x00000018   Code   RO          591    .text.DL_Timer_setCaptureCompareOutCtl  dl_timer.o
    0x000004ac   0x000004ac   0x00000010   Code   RO          571    .text.DL_Timer_setCaptureCompareValue  dl_timer.o
    0x000004bc   0x000004bc   0x0000001c   Code   RO          565    .text.DL_Timer_setClockConfig  dl_timer.o
    0x000004d8   0x000004d8   0x00000094   Code   RO          976    .text.SYSCFG_DL_GPIO_init  ti_msp_dl_config.o
    0x0000056c   0x0000056c   0x00000054   Code   RO          990    .text.SYSCFG_DL_I2C_0_init  ti_msp_dl_config.o
    0x000005c0   0x000005c0   0x0000007c   Code   RO          980    .text.SYSCFG_DL_PWM_A_init  ti_msp_dl_config.o
    0x0000063c   0x0000063c   0x0000007c   Code   RO          982    .text.SYSCFG_DL_PWM_B_init  ti_msp_dl_config.o
    0x000006b8   0x000006b8   0x0000007c   Code   RO          984    .text.SYSCFG_DL_PWM_C_init  ti_msp_dl_config.o
    0x00000734   0x00000734   0x0000007c   Code   RO          986    .text.SYSCFG_DL_PWM_D_init  ti_msp_dl_config.o
    0x000007b0   0x000007b0   0x0000001c   Code   RO          978    .text.SYSCFG_DL_SYSCTL_init  ti_msp_dl_config.o
    0x000007cc   0x000007cc   0x00000038   Code   RO          988    .text.SYSCFG_DL_TIMER_0_init  ti_msp_dl_config.o
    0x00000804   0x00000804   0x00000050   Code   RO          972    .text.SYSCFG_DL_init  ti_msp_dl_config.o
    0x00000854   0x00000854   0x00000070   Code   RO          974    .text.SYSCFG_DL_initPower  ti_msp_dl_config.o
    0x000008c4   0x000008c4   0x0000001c   Code   RO          960    .text.TIMG0_IRQHandler  main.o
    0x000008e0   0x000008e0   0x000000b0   Code   RO          958    .text.main          main.o
    0x00000990   0x00000990   0x00000002   Data   RO         1010    .rodata.gI2C_0ClockConfig  ti_msp_dl_config.o
    0x00000992   0x00000992   0x00000003   Data   RO         1000    .rodata.gPWM_AClockConfig  ti_msp_dl_config.o
    0x00000995   0x00000995   0x00000003   PAD
    0x00000998   0x00000998   0x00000008   Data   RO         1001    .rodata.gPWM_AConfig  ti_msp_dl_config.o
    0x000009a0   0x000009a0   0x00000003   Data   RO         1002    .rodata.gPWM_BClockConfig  ti_msp_dl_config.o
    0x000009a3   0x000009a3   0x00000001   PAD
    0x000009a4   0x000009a4   0x00000008   Data   RO         1003    .rodata.gPWM_BConfig  ti_msp_dl_config.o
    0x000009ac   0x000009ac   0x00000003   Data   RO         1004    .rodata.gPWM_CClockConfig  ti_msp_dl_config.o
    0x000009af   0x000009af   0x00000001   PAD
    0x000009b0   0x000009b0   0x00000008   Data   RO         1005    .rodata.gPWM_CConfig  ti_msp_dl_config.o
    0x000009b8   0x000009b8   0x00000003   Data   RO         1006    .rodata.gPWM_DClockConfig  ti_msp_dl_config.o
    0x000009bb   0x000009bb   0x00000001   PAD
    0x000009bc   0x000009bc   0x00000008   Data   RO         1007    .rodata.gPWM_DConfig  ti_msp_dl_config.o
    0x000009c4   0x000009c4   0x00000003   Data   RO         1008    .rodata.gTIMER_0ClockConfig  ti_msp_dl_config.o
    0x000009c7   0x000009c7   0x00000001   PAD
    0x000009c8   0x000009c8   0x00000014   Data   RO         1009    .rodata.gTIMER_0TimerConfig  ti_msp_dl_config.o
    0x000009dc   0x000009dc   0x00000004   PAD
    0x000009e0   0x000009e0   0x00000010   Data   RO         1268    Region$$Table       anon$$obj.o


    Execution Region RW_IRAM2 (Exec base: 0x20200000, Load base: 0x000009f0, Size: 0x000003c8, Max: 0x00008000, ABSOLUTE)

    Exec Addr    Load Addr    Size         Type   Attr      Idx    E Section Name        Object

    0x20200000        -       0x00000060   Zero   RW         1130    .bss                c_p.l(libspace.o)
    0x20200060        -       0x00000078   Zero   RW          996    .bss.gPWM_ABackup   ti_msp_dl_config.o
    0x202000d8        -       0x00000078   Zero   RW          997    .bss.gPWM_BBackup   ti_msp_dl_config.o
    0x20200150        -       0x000000bc   Zero   RW          998    .bss.gPWM_CBackup   ti_msp_dl_config.o
    0x2020020c        -       0x000000bc   Zero   RW          999    .bss.gPWM_DBackup   ti_msp_dl_config.o
    0x202002c8        -       0x00000000   Zero   RW         1019    HEAP                startup_mspm0g350x_uvision.o
    0x202002c8        -       0x00000100   Zero   RW         1018    STACK               startup_mspm0g350x_uvision.o



  Load Region LR_BCR (Base: 0x41c00000, Size: 0x00000000, Max: 0x00000100, ABSOLUTE)

    Execution Region BCR_CONFIG (Exec base: 0x41c00000, Load base: 0x41c00000, Size: 0x00000000, Max: 0x00000080, ABSOLUTE)

    **** No section assigned to this execution region ****



  Load Region LR_BSL (Base: 0x41c00100, Size: 0x00000000, Max: 0x00000100, ABSOLUTE)

    Execution Region BSL_CONFIG (Exec base: 0x41c00100, Load base: 0x41c00100, Size: 0x00000000, Max: 0x00000080, ABSOLUTE)

    **** No section assigned to this execution region ****


==============================================================================

Image component sizes


      Code (inc. data)   RO Data    RW Data    ZI Data      Debug   Object Name

        10          0          0          0          0        658   dl_common.o
        38          0          0          0          0       9505   dl_i2c.o
       676        204          0          0          0      36540   dl_timer.o
       204         52          0          0          0       8750   main.o
        44         18        192          0        256        704   startup_mspm0g350x_uvision.o
      1004        164         69          0        616      28357   ti_msp_dl_config.o

    ----------------------------------------------------------------------
      1978        438        288          0        872      84514   Object Totals
         0          0         16          0          0          0   (incl. Generated)
         2          0         11          0          0          0   (incl. Padding)

    ----------------------------------------------------------------------

      Code (inc. data)   RO Data    RW Data    ZI Data      Debug   Library Member Name

         8          0          0          0          0         68   __main.o
         0          0          0          0          0          0   __rtentry.o
        12          0          0          0          0          0   __rtentry2.o
         6          0          0          0          0          0   __rtentry4.o
        86         10          0          0          0          0   __scatter.o
        28          0          0          0          0          0   __scatter_zi.o
        16          0          0          0          0         68   exit.o
         6          0          0          0          0        136   heapauxi.o
         0          0          0          0          0          0   indicate_semi.o
         2          0          0          0          0          0   libinit.o
         2          0          0          0          0          0   libinit2.o
         2          0          0          0          0          0   libshutdown.o
         2          0          0          0          0          0   libshutdown2.o
         8          4          0          0         96         68   libspace.o
         2          0          0          0          0          0   rtexit.o
        10          0          0          0          0          0   rtexit2.o
        12          4          0          0          0         60   sys_exit.o
        62          0          0          0          0         80   sys_stackheap_outer.o
         2          0          0          0          0         68   use_no_semi.o

    ----------------------------------------------------------------------
       278         22          0          0         96        548   Library Totals
        12          4          0          0          0          0   (incl. Padding)

    ----------------------------------------------------------------------

      Code (inc. data)   RO Data    RW Data    ZI Data      Debug   Library Name

       266         18          0          0         96        548   c_p.l

    ----------------------------------------------------------------------
       278         22          0          0         96        548   Library Totals

    ----------------------------------------------------------------------

==============================================================================


      Code (inc. data)   RO Data    RW Data    ZI Data      Debug   

      2256        460        288          0        968      84890   Grand Totals
      2256        460        288          0        968      84890   ELF Image Totals
      2256        460        288          0          0          0   ROM Totals

==============================================================================

    Total RO  Size (Code + RO Data)                 2544 (   2.48kB)
    Total RW  Size (RW Data + ZI Data)               968 (   0.95kB)
    Total ROM Size (Code + RO Data + RW Data)       2544 (   2.48kB)

==============================================================================

